Archive member included to satisfy reference by file (symbol)

.\CortexM3\ARM_GCC_541\Debug\HelloWorldSerial2021.a(BoardLed.o)
                              .\CortexM3\ARM_GCC_541\Debug\main.o (BoardLed_Read)
.\CortexM3\ARM_GCC_541\Debug\HelloWorldSerial2021.a(CyLib.o)
                              .\CortexM3\ARM_GCC_541\Debug\Cm3Start.o (CyHalt)
.\CortexM3\ARM_GCC_541\Debug\HelloWorldSerial2021.a(cyPm.o)
                              .\CortexM3\ARM_GCC_541\Debug\HelloWorldSerial2021.a(CyLib.o) (CyPmReadStatus)
.\CortexM3\ARM_GCC_541\Debug\HelloWorldSerial2021.a(USBUART.o)
                              .\CortexM3\ARM_GCC_541\Debug\main.o (USBUART_Start)
.\CortexM3\ARM_GCC_541\Debug\HelloWorldSerial2021.a(USBUART_cdc.o)
                              .\CortexM3\ARM_GCC_541\Debug\main.o (USBUART_CDC_Init)
.\CortexM3\ARM_GCC_541\Debug\HelloWorldSerial2021.a(USBUART_drv.o)
                              .\CortexM3\ARM_GCC_541\Debug\HelloWorldSerial2021.a(USBUART.o) (USBUART_lastPacketSize)
.\CortexM3\ARM_GCC_541\Debug\HelloWorldSerial2021.a(USBUART_episr.o)
                              .\CortexM3\ARM_GCC_541\Debug\HelloWorldSerial2021.a(USBUART.o) (USBUART_EP_1_ISR)
.\CortexM3\ARM_GCC_541\Debug\HelloWorldSerial2021.a(USBUART_pm.o)
                              .\CortexM3\ARM_GCC_541\Debug\HelloWorldSerial2021.a(USBUART.o) (USBUART_DP_ISR)
.\CortexM3\ARM_GCC_541\Debug\HelloWorldSerial2021.a(USBUART_std.o)
                              .\CortexM3\ARM_GCC_541\Debug\HelloWorldSerial2021.a(USBUART_pm.o) (USBUART_ConfigReg)
.\CortexM3\ARM_GCC_541\Debug\HelloWorldSerial2021.a(USBUART_vnd.o)
                              .\CortexM3\ARM_GCC_541\Debug\HelloWorldSerial2021.a(USBUART_drv.o) (USBUART_HandleVendorRqst)
.\CortexM3\ARM_GCC_541\Debug\HelloWorldSerial2021.a(USBUART_Dp.o)
                              .\CortexM3\ARM_GCC_541\Debug\HelloWorldSerial2021.a(USBUART.o) (USBUART_Dp_ClearInterrupt)
.\CortexM3\ARM_GCC_541\Debug\HelloWorldSerial2021.a(CyBootAsmGnu.o)
                              .\CortexM3\ARM_GCC_541\Debug\cyfitter_cfg.o (CyDelayCycles)
.\CortexM3\ARM_GCC_541\Debug\HelloWorldSerial2021.a(CyFlash.o)
                              .\CortexM3\ARM_GCC_541\Debug\HelloWorldSerial2021.a(cyPm.o) (CyFlash_SetWaitCycles)
.\CortexM3\ARM_GCC_541\Debug\HelloWorldSerial2021.a(CySpc.o)
                              .\CortexM3\ARM_GCC_541\Debug\HelloWorldSerial2021.a(CyFlash.o) (CySpcStart)
.\CortexM3\ARM_GCC_541\Debug\HelloWorldSerial2021.a(USBUART_cls.o)
                              .\CortexM3\ARM_GCC_541\Debug\HelloWorldSerial2021.a(USBUART_drv.o) (USBUART_DispatchClassRqst)
.\CortexM3\ARM_GCC_541\Debug\HelloWorldSerial2021.a(USBUART_descr.o)
                              .\CortexM3\ARM_GCC_541\Debug\HelloWorldSerial2021.a(USBUART_std.o) (USBUART_idSerialNumberStringDescriptor)
d:/cypress/psoc creator/4.4/psoc creator/import/gnu/arm/5.4.1/bin/../lib/gcc/arm-none-eabi/5.4.1/../../../../arm-none-eabi/lib/armv7-m\libg_nano.a(lib_a-errno.o)
                              .\CortexM3\ARM_GCC_541\Debug\Cm3Start.o (__errno)
d:/cypress/psoc creator/4.4/psoc creator/import/gnu/arm/5.4.1/bin/../lib/gcc/arm-none-eabi/5.4.1/../../../../arm-none-eabi/lib/armv7-m\libg_nano.a(lib_a-exit.o)
                              d:/cypress/psoc creator/4.4/psoc creator/import/gnu/arm/5.4.1/bin/../lib/gcc/arm-none-eabi/5.4.1/../../../../arm-none-eabi/lib/armv7-m/crt0.o (exit)
d:/cypress/psoc creator/4.4/psoc creator/import/gnu/arm/5.4.1/bin/../lib/gcc/arm-none-eabi/5.4.1/../../../../arm-none-eabi/lib/armv7-m\libg_nano.a(lib_a-impure.o)
                              d:/cypress/psoc creator/4.4/psoc creator/import/gnu/arm/5.4.1/bin/../lib/gcc/arm-none-eabi/5.4.1/../../../../arm-none-eabi/lib/armv7-m\libg_nano.a(lib_a-exit.o) (_global_impure_ptr)
d:/cypress/psoc creator/4.4/psoc creator/import/gnu/arm/5.4.1/bin/../lib/gcc/arm-none-eabi/5.4.1/../../../../arm-none-eabi/lib/armv7-m\libg_nano.a(lib_a-init.o)
                              d:/cypress/psoc creator/4.4/psoc creator/import/gnu/arm/5.4.1/bin/../lib/gcc/arm-none-eabi/5.4.1/../../../../arm-none-eabi/lib/armv7-m/crt0.o (__libc_init_array)
d:/cypress/psoc creator/4.4/psoc creator/import/gnu/arm/5.4.1/bin/../lib/gcc/arm-none-eabi/5.4.1/../../../../arm-none-eabi/lib/armv7-m\libg_nano.a(lib_a-memcpy-stub.o)
                              .\CortexM3\ARM_GCC_541\Debug\cyfitter_cfg.o (memcpy)
d:/cypress/psoc creator/4.4/psoc creator/import/gnu/arm/5.4.1/bin/../lib/gcc/arm-none-eabi/5.4.1/../../../../arm-none-eabi/lib/armv7-m\libg_nano.a(lib_a-memset.o)
                              d:/cypress/psoc creator/4.4/psoc creator/import/gnu/arm/5.4.1/bin/../lib/gcc/arm-none-eabi/5.4.1/../../../../arm-none-eabi/lib/armv7-m/crt0.o (memset)
d:/cypress/psoc creator/4.4/psoc creator/import/gnu/arm/5.4.1/bin/../lib/gcc/arm-none-eabi/5.4.1/../../../../arm-none-eabi/lib/armv7-m\libg_nano.a(lib_a-nano-vfprintf_float.o)
                              .\CortexM3\ARM_GCC_541\Debug\main.o (_printf_float)
[...]
Memory Configuration

Name             Origin             Length             Attributes
rom              0x00000000         0x00040000         xr
ram              0x1fff8000         0x00010000         xrw
*default*        0x00000000         0xffffffff

Linker script and memory map

LOAD d:/cypress/psoc creator/4.4/psoc creator/import/gnu/arm/5.4.1/bin/../lib/gcc/arm-none-eabi/5.4.1/armv7-m/crti.o
LOAD d:/cypress/psoc creator/4.4/psoc creator/import/gnu/arm/5.4.1/bin/../lib/gcc/arm-none-eabi/5.4.1/armv7-m/crtbegin.o
LOAD d:/cypress/psoc creator/4.4/psoc creator/import/gnu/arm/5.4.1/bin/../lib/gcc/arm-none-eabi/5.4.1/../../../../arm-none-eabi/lib/armv7-m/crt0.o
START GROUP
LOAD .\CortexM3\ARM_GCC_541\Debug\main.o
LOAD .\CortexM3\ARM_GCC_541\Debug\cyfitter_cfg.o
LOAD .\CortexM3\ARM_GCC_541\Debug\cymetadata.o
LOAD .\CortexM3\ARM_GCC_541\Debug\Cm3Start.o
LOAD .\CortexM3\ARM_GCC_541\Debug\HelloWorldSerial2021.a
LOAD D:\Cypress\PSoC Creator\4.4\PSoC Creator\psoc\content\cycomponentlibrary\CyComponentLibrary.cylib\CortexM3\ARM_GCC_541\Debug\CyComponentLibrary.a
END GROUP
START GROUP
LOAD d:/cypress/psoc creator/4.4/psoc creator/import/gnu/arm/5.4.1/bin/../lib/gcc/arm-none-eabi/5.4.1/armv7-m\libgcc.a
LOAD d:/cypress/psoc creator/4.4/psoc creator/import/gnu/arm/5.4.1/bin/../lib/gcc/arm-none-eabi/5.4.1/../../../../arm-none-eabi/lib/armv7-m\libg_nano.a
LOAD d:/cypress/psoc creator/4.4/psoc creator/import/gnu/arm/5.4.1/bin/../lib/gcc/arm-none-eabi/5.4.1/../../../../arm-none-eabi/lib/armv7-m\libc_nano.a
END GROUP
START GROUP
LOAD d:/cypress/psoc creator/4.4/psoc creator/import/gnu/arm/5.4.1/bin/../lib/gcc/arm-none-eabi/5.4.1/armv7-m\libgcc.a
LOAD d:/cypress/psoc creator/4.4/psoc creator/import/gnu/arm/5.4.1/bin/../lib/gcc/arm-none-eabi/5.4.1/../../../../arm-none-eabi/lib/armv7-m\libc_nano.a
END GROUP
LOAD d:/cypress/psoc creator/4.4/psoc creator/import/gnu/arm/5.4.1/bin/../lib/gcc/arm-none-eabi/5.4.1/armv7-m/crtend.o
LOAD d:/cypress/psoc creator/4.4/psoc creator/import/gnu/arm/5.4.1/bin/../lib/gcc/arm-none-eabi/5.4.1/armv7-m/crtn.o
START GROUP
LOAD d:/cypress/psoc creator/4.4/psoc creator/import/gnu/arm/5.4.1/bin/../lib/gcc/arm-none-eabi/5.4.1/armv7-m\libgcc.a
LOAD d:/cypress/psoc creator/4.4/psoc creator/import/gnu/arm/5.4.1/bin/../lib/gcc/arm-none-eabi/5.4.1/../../../../arm-none-eabi/lib/armv7-m\libc.a
LOAD d:/cypress/psoc creator/4.4/psoc creator/import/gnu/arm/5.4.1/bin/../lib/gcc/arm-none-eabi/5.4.1/../../../../arm-none-eabi/lib/armv7-m\libnosys.a
END GROUP
                0x00000000                CY_APPL_ORIGIN = 0x0
                0x00000100                CY_FLASH_ROW_SIZE = 0x100
                0x00000020                CY_ECC_ROW_SIZE = 0x20
                0x00000000                CY_EE_IN_BTLDR = 0x0
                0x00000000                CY_APPL_LOADABLE = 0x0
                0x00000800                CY_EE_SIZE = 0x800
                0x00000001                CY_APPL_NUM = 0x1
                0x00000001                CY_APPL_MAX = 0x1
                0x00000040                CY_METADATA_SIZE = 0x40
                0x00000000                CY_APPL_LOADABLE = 0x0
                0x00000000                CY_CHECKSUM_EXCLUDE_SIZE = ALIGN (0x0, CY_FLASH_ROW_SIZE)
                [!provide]                PROVIDE (__cy_heap_start, _end)
                0x00000001                PROVIDE (__cy_region_num, ((__cy_regions_end - __cy_regions) / 0x10))
                0x20008000                PROVIDE (__cy_stack, (ORIGIN (ram) + LENGTH (ram)))
                [!provide]                PROVIDE (__cy_heap_end, (__cy_stack - 0x800))

.cybootloader   0x00000000        0x0
 *(.cybootloader)
                0x00000000                appl1_start = CY_APPL_ORIGIN?CY_APPL_ORIGIN:ALIGN (CY_FLASH_ROW_SIZE)
                0x0001ff00                appl2_start = (appl1_start + ALIGN ((((LENGTH (rom) - appl1_start) - (0x2 * CY_FLASH_ROW_SIZE)) / 0x2), CY_FLASH_ROW_SIZE))
                0x00000000                appl_start = (CY_APPL_NUM == 0x1)?appl1_start:appl2_start
                0x00000000                ecc_offset = ((appl_start / CY_FLASH_ROW_SIZE) * CY_ECC_ROW_SIZE)
                0x00000000                ee_offset = (CY_APPL_LOADABLE && ! (CY_EE_IN_BTLDR))?((CY_EE_SIZE / CY_APPL_MAX) * (CY_APPL_NUM - 0x1)):0x0
                0x00000800                ee_size = (CY_APPL_LOADABLE && ! (CY_EE_IN_BTLDR))?(CY_EE_SIZE / CY_APPL_MAX):CY_EE_SIZE
                [!provide]                PROVIDE (CY_ECC_OFFSET, ecc_offset)

.text           0x00000000     0x4640
 CREATE_OBJECT_SYMBOLS
                0x00000000                PROVIDE (__cy_interrupt_vector, RomVectors)
 *(.romvectors)
 .romvectors    0x00000000       0x10 .\CortexM3\ARM_GCC_541\Debug\Cm3Start.o
                0x00000000                RomVectors
                0x00000001                ASSERT ((. != __cy_interrupt_vector), No interrupt vector)
                0x00000001                ASSERT (CY_APPL_ORIGIN?(SIZEOF (.cybootloader) <= CY_APPL_ORIGIN):0x1, Wrong image location)
                0x00000010                PROVIDE (__cy_reset, Reset)
 *(.text.Reset)
 .text.Reset    0x00000010       0x18 .\CortexM3\ARM_GCC_541\Debug\Cm3Start.o
                0x00000010                Reset
                0x00000001                ASSERT ((. != __cy_reset), No reset code)
 *(.dma_init)
                0x00000001                ASSERT ((((appl_start + .) <= 0x10000) || 0x1), DMA Init must be within the first 64k of flash)
 *(.text .text.* .gnu.linkonce.t.*)
 .text          0x00000028       0x5c d:/cypress/psoc creator/4.4/psoc creator/import/gnu/arm/5.4.1/bin/../lib/gcc/arm-none-eabi/5.4.1/armv7-m/crtbegin.o
 .text.main     0x00000084      0x138 .\CortexM3\ARM_GCC_541\Debug\main.o
                0x00000084                main
 .text.CyClockStartupError
                0x000001bc        0x4 .\CortexM3\ARM_GCC_541\Debug\cyfitter_cfg.o
 .text.cfg_write_bytes32
                0x000001c0       0x34 .\CortexM3\ARM_GCC_541\Debug\cyfitter_cfg.o
 .text.AnalogSetDefault
                0x000001f4       0x28 .\CortexM3\ARM_GCC_541\Debug\cyfitter_cfg.o
 .text.CYMEMZERO
                0x0000021c        0xc .\CortexM3\ARM_GCC_541\Debug\cyfitter_cfg.o
 .text.ClockSetup
                0x00000228       0xbc .\CortexM3\ARM_GCC_541\Debug\cyfitter_cfg.o
 .text.CYCONFIGCPY
                0x000002e4        0x8 .\CortexM3\ARM_GCC_541\Debug\cyfitter_cfg.o
 .text.cyfitter_cfg
                0x000002ec       0xe4 .\CortexM3\ARM_GCC_541\Debug\cyfitter_cfg.o
                0x000002ec                cyfitter_cfg
 .text.IntDefaultHandler
                0x000003d0       0x10 .\CortexM3\ARM_GCC_541\Debug\Cm3Start.o
                0x000003d0                IntDefaultHandler
 .text._sbrk    0x000003e0       0x30 .\CortexM3\ARM_GCC_541\Debug\Cm3Start.o
                0x000003e0                _sbrk
 .text.Start_c  0x00000410       0x4c .\CortexM3\ARM_GCC_541\Debug\Cm3Start.o
                0x00000410                Start_c
 .text.initialize_psoc
                0x0000045c       0x68 .\CortexM3\ARM_GCC_541\Debug\Cm3Start.o
                0x0000045c                initialize_psoc
 .text.BoardLed_Read
                0x000004c4       0x10 .\CortexM3\ARM_GCC_541\Debug\HelloWorldSerial2021.a(BoardLed.o)
                0x000004c4                BoardLed_Read
 .text.CyHalt   0x000004d4        0x4 .\CortexM3\ARM_GCC_541\Debug\HelloWorldSerial2021.a(CyLib.o)
                0x000004d4                CyHalt
 .text.CyDelayUs
                0x000004d8       0x14 .\CortexM3\ARM_GCC_541\Debug\HelloWorldSerial2021.a(CyLib.o)
                0x000004d8                CyDelayUs
 .text.CyIntSetVector
                0x000004ec       0x28 .\CortexM3\ARM_GCC_541\Debug\HelloWorldSerial2021.a(CyLib.o)
                0x000004ec                CyIntSetVector
 .text.CyIntSetPriority
                0x00000514       0x30 .\CortexM3\ARM_GCC_541\Debug\HelloWorldSerial2021.a(CyLib.o)
                0x00000514                CyIntSetPriority
 .text.CyGetUniqueId
                0x00000544       0x70 .\CortexM3\ARM_GCC_541\Debug\HelloWorldSerial2021.a(CyLib.o)
                0x00000544                CyGetUniqueId
 .text.USBUART_Init
                0x000005b4      0x140 .\CortexM3\ARM_GCC_541\Debug\HelloWorldSerial2021.a(USBUART.o)
                0x000005b4                USBUART_Init
 .text.USBUART_InitComponent
                0x000006f4       0xb8 .\CortexM3\ARM_GCC_541\Debug\HelloWorldSerial2021.a(USBUART.o)
                0x000006f4                USBUART_InitComponent
 .text.USBUART_Start
                0x000007ac       0x24 .\CortexM3\ARM_GCC_541\Debug\HelloWorldSerial2021.a(USBUART.o)
                0x000007ac                USBUART_Start
 .text.USBUART_ReInitComponent
                0x000007d0       0x4c .\CortexM3\ARM_GCC_541\Debug\HelloWorldSerial2021.a(USBUART.o)
                0x000007d0                USBUART_ReInitComponent
 .text.USBUART_GetConfiguration
                0x0000081c        0xc .\CortexM3\ARM_GCC_541\Debug\HelloWorldSerial2021.a(USBUART.o)
                0x0000081c                USBUART_GetConfiguration
 .text.USBUART_IsConfigurationChanged
                0x00000828       0x20 .\CortexM3\ARM_GCC_541\Debug\HelloWorldSerial2021.a(USBUART.o)
                0x00000828                USBUART_IsConfigurationChanged
 .text.USBUART_GetEPState
                0x00000848       0x14 .\CortexM3\ARM_GCC_541\Debug\HelloWorldSerial2021.a(USBUART.o)
                0x00000848                USBUART_GetEPState
 .text.USBUART_GetEPCount
                0x0000085c       0x28 .\CortexM3\ARM_GCC_541\Debug\HelloWorldSerial2021.a(USBUART.o)
                0x0000085c                USBUART_GetEPCount
 .text.USBUART_LoadInEP
                0x00000884       0x94 .\CortexM3\ARM_GCC_541\Debug\HelloWorldSerial2021.a(USBUART.o)
                0x00000884                USBUART_LoadInEP
 .text.USBUART_EnableOutEP
                0x00000918       0x2c .\CortexM3\ARM_GCC_541\Debug\HelloWorldSerial2021.a(USBUART.o)
                0x00000918                USBUART_EnableOutEP
 .text.USBUART_ReadOutEP
                0x00000944       0x50 .\CortexM3\ARM_GCC_541\Debug\HelloWorldSerial2021.a(USBUART.o)
                0x00000944                USBUART_ReadOutEP
 .text.USBUART_StrLen
                0x00000994       0x14 .\CortexM3\ARM_GCC_541\Debug\HelloWorldSerial2021.a(USBUART_cdc.o)
 .text.USBUART_GetInterfaceComPort
                0x000009a8       0x38 .\CortexM3\ARM_GCC_541\Debug\HelloWorldSerial2021.a(USBUART_cdc.o)
                0x000009a8                USBUART_GetInterfaceComPort
 .text.USBUART_DispatchCDCClassRqst
                0x000009e0       0x98 .\CortexM3\ARM_GCC_541\Debug\HelloWorldSerial2021.a(USBUART_cdc.o)
                0x000009e0                USBUART_DispatchCDCClassRqst
 .text.USBUART_CDC_Init
                0x00000a78       0x98 .\CortexM3\ARM_GCC_541\Debug\HelloWorldSerial2021.a(USBUART_cdc.o)
                0x00000a78                USBUART_CDC_Init
 .text.USBUART_PutData
                0x00000b10       0x50 .\CortexM3\ARM_GCC_541\Debug\HelloWorldSerial2021.a(USBUART_cdc.o)
                0x00000b10                USBUART_PutData
 .text.USBUART_PutString
                0x00000b60       0xa0 .\CortexM3\ARM_GCC_541\Debug\HelloWorldSerial2021.a(USBUART_cdc.o)
                0x00000b60                USBUART_PutString
 .text.USBUART_DataIsReady
                0x00000c00       0x18 .\CortexM3\ARM_GCC_541\Debug\HelloWorldSerial2021.a(USBUART_cdc.o)
                0x00000c00                USBUART_DataIsReady
 .text.USBUART_CDCIsReady
                0x00000c18       0x18 .\CortexM3\ARM_GCC_541\Debug\HelloWorldSerial2021.a(USBUART_cdc.o)
                0x00000c18                USBUART_CDCIsReady
 .text.USBUART_GetAll
                0x00000c30       0x30 .\CortexM3\ARM_GCC_541\Debug\HelloWorldSerial2021.a(USBUART_cdc.o)
                0x00000c30                USBUART_GetAll
 .text.USBUART_IsLineChanged
                0x00000c60       0x38 .\CortexM3\ARM_GCC_541\Debug\HelloWorldSerial2021.a(USBUART_cdc.o)
                0x00000c60                USBUART_IsLineChanged
 .text.USBUART_GetDTERate
                0x00000c98       0x30 .\CortexM3\ARM_GCC_541\Debug\HelloWorldSerial2021.a(USBUART_cdc.o)
                0x00000c98                USBUART_GetDTERate
 .text.USBUART_GetCharFormat
                0x00000cc8       0x18 .\CortexM3\ARM_GCC_541\Debug\HelloWorldSerial2021.a(USBUART_cdc.o)
                0x00000cc8                USBUART_GetCharFormat
 .text.USBUART_GetParityType
                0x00000ce0       0x18 .\CortexM3\ARM_GCC_541\Debug\HelloWorldSerial2021.a(USBUART_cdc.o)
                0x00000ce0                USBUART_GetParityType
 .text.USBUART_GetDataBits
                0x00000cf8       0x18 .\CortexM3\ARM_GCC_541\Debug\HelloWorldSerial2021.a(USBUART_cdc.o)
                0x00000cf8                USBUART_GetDataBits
 .text.USBUART_GetLineControl
                0x00000d10       0x18 .\CortexM3\ARM_GCC_541\Debug\HelloWorldSerial2021.a(USBUART_cdc.o)
                0x00000d10                USBUART_GetLineControl
 .text.USBUART_Cdc_EpInit
                0x00000d28       0x50 .\CortexM3\ARM_GCC_541\Debug\HelloWorldSerial2021.a(USBUART_cdc.o)
                0x00000d28                USBUART_Cdc_EpInit
 .text.USBUART_LoadEP0
                0x00000d78       0x98 .\CortexM3\ARM_GCC_541\Debug\HelloWorldSerial2021.a(USBUART_drv.o)
                0x00000d78                USBUART_LoadEP0
 .text.USBUART_InitZeroLengthControlTransfer
                0x00000e10       0x34 .\CortexM3\ARM_GCC_541\Debug\HelloWorldSerial2021.a(USBUART_drv.o)
                0x00000e10                USBUART_InitZeroLengthControlTransfer
 .text.USBUART_ControlReadDataStage
                0x00000e44        0x8 .\CortexM3\ARM_GCC_541\Debug\HelloWorldSerial2021.a(USBUART_drv.o)
                0x00000e44                USBUART_ControlReadDataStage
 .text.USBUART_ControlWriteDataStage
                0x00000e4c       0x84 .\CortexM3\ARM_GCC_541\Debug\HelloWorldSerial2021.a(USBUART_drv.o)
                0x00000e4c                USBUART_ControlWriteDataStage
 .text.USBUART_InitNoDataControlTransfer
                0x00000ed0       0x2c .\CortexM3\ARM_GCC_541\Debug\HelloWorldSerial2021.a(USBUART_drv.o)
                0x00000ed0                USBUART_InitNoDataControlTransfer
 .text.USBUART_UpdateStatusBlock
                0x00000efc       0x24 .\CortexM3\ARM_GCC_541\Debug\HelloWorldSerial2021.a(USBUART_drv.o)
                0x00000efc                USBUART_UpdateStatusBlock
 .text.USBUART_HandleSetup
                0x00000f20       0x5c .\CortexM3\ARM_GCC_541\Debug\HelloWorldSerial2021.a(USBUART_drv.o)
                0x00000f20                USBUART_HandleSetup
 .text.USBUART_ControlReadStatusStage
                0x00000f7c       0x38 .\CortexM3\ARM_GCC_541\Debug\HelloWorldSerial2021.a(USBUART_drv.o)
                0x00000f7c                USBUART_ControlReadStatusStage
 .text.USBUART_HandleOUT
                0x00000fb4       0x38 .\CortexM3\ARM_GCC_541\Debug\HelloWorldSerial2021.a(USBUART_drv.o)
                0x00000fb4                USBUART_HandleOUT
 .text.USBUART_ControlWriteStatusStage
                0x00000fec       0x20 .\CortexM3\ARM_GCC_541\Debug\HelloWorldSerial2021.a(USBUART_drv.o)
                0x00000fec                USBUART_ControlWriteStatusStage
 .text.USBUART_NoDataControlStatusStage
                0x0000100c       0x40 .\CortexM3\ARM_GCC_541\Debug\HelloWorldSerial2021.a(USBUART_drv.o)
                0x0000100c                USBUART_NoDataControlStatusStage
 .text.USBUART_HandleIN
                0x0000104c       0x2c .\CortexM3\ARM_GCC_541\Debug\HelloWorldSerial2021.a(USBUART_drv.o)
                0x0000104c                USBUART_HandleIN
 .text.USBUART_EP_0_ISR
                0x00001078       0xb8 .\CortexM3\ARM_GCC_541\Debug\HelloWorldSerial2021.a(USBUART_drv.o)
                0x00001078                USBUART_EP_0_ISR
 .text.USBUART_InitializeStatusBlock
                0x00001130       0x24 .\CortexM3\ARM_GCC_541\Debug\HelloWorldSerial2021.a(USBUART_drv.o)
                0x00001130                USBUART_InitializeStatusBlock
 .text.USBUART_InitControlRead
                0x00001154       0x50 .\CortexM3\ARM_GCC_541\Debug\HelloWorldSerial2021.a(USBUART_drv.o)
                0x00001154                USBUART_InitControlRead
 .text.USBUART_InitControlWrite
                0x000011a4       0x48 .\CortexM3\ARM_GCC_541\Debug\HelloWorldSerial2021.a(USBUART_drv.o)
                0x000011a4                USBUART_InitControlWrite
 .text.USBUART_EP_1_ISR
                0x000011ec       0x30 .\CortexM3\ARM_GCC_541\Debug\HelloWorldSerial2021.a(USBUART_episr.o)
                0x000011ec                USBUART_EP_1_ISR
 .text.USBUART_EP_2_ISR
                0x0000121c       0x34 .\CortexM3\ARM_GCC_541\Debug\HelloWorldSerial2021.a(USBUART_episr.o)
                0x0000121c                USBUART_EP_2_ISR
 .text.USBUART_EP_3_ISR
                0x00001250       0x3c .\CortexM3\ARM_GCC_541\Debug\HelloWorldSerial2021.a(USBUART_episr.o)
                0x00001250                USBUART_EP_3_ISR
 .text.USBUART_SOF_ISR
                0x0000128c        0x4 .\CortexM3\ARM_GCC_541\Debug\HelloWorldSerial2021.a(USBUART_episr.o)
                0x0000128c                USBUART_SOF_ISR
 .text.USBUART_BUS_RESET_ISR
                0x00001290        0x8 .\CortexM3\ARM_GCC_541\Debug\HelloWorldSerial2021.a(USBUART_episr.o)
                0x00001290                USBUART_BUS_RESET_ISR
 .text.USBUART_DP_ISR
                0x00001298        0x8 .\CortexM3\ARM_GCC_541\Debug\HelloWorldSerial2021.a(USBUART_pm.o)
                0x00001298                USBUART_DP_ISR
 .text.USBUART_ReadDieID
                0x000012a0       0x6c .\CortexM3\ARM_GCC_541\Debug\HelloWorldSerial2021.a(USBUART_std.o)
                0x000012a0                USBUART_ReadDieID
 .text.USBUART_ConfigReg
                0x0000130c       0xa4 .\CortexM3\ARM_GCC_541\Debug\HelloWorldSerial2021.a(USBUART_std.o)
                0x0000130c                USBUART_ConfigReg
 .text.USBUART_GetConfigTablePtr
                0x000013b0       0x28 .\CortexM3\ARM_GCC_541\Debug\HelloWorldSerial2021.a(USBUART_std.o)
                0x000013b0                USBUART_GetConfigTablePtr
 .text.USBUART_ConfigAltChanged
                0x000013d8      0x11c .\CortexM3\ARM_GCC_541\Debug\HelloWorldSerial2021.a(USBUART_std.o)
                0x000013d8                USBUART_ConfigAltChanged
 .text.USBUART_GetDeviceTablePtr
                0x000014f4       0x18 .\CortexM3\ARM_GCC_541\Debug\HelloWorldSerial2021.a(USBUART_std.o)
                0x000014f4                USBUART_GetDeviceTablePtr
 .text.USBUART_GetInterfaceClassTablePtr
                0x0000150c       0x28 .\CortexM3\ARM_GCC_541\Debug\HelloWorldSerial2021.a(USBUART_std.o)
                0x0000150c                USBUART_GetInterfaceClassTablePtr
 .text.USBUART_Config
                0x00001534      0x1ec .\CortexM3\ARM_GCC_541\Debug\HelloWorldSerial2021.a(USBUART_std.o)
                0x00001534                USBUART_Config
 .text.USBUART_SetEndpointHalt
                0x00001720       0x64 .\CortexM3\ARM_GCC_541\Debug\HelloWorldSerial2021.a(USBUART_std.o)
                0x00001720                USBUART_SetEndpointHalt
 .text.USBUART_ClearEndpointHalt
                0x00001784       0xac .\CortexM3\ARM_GCC_541\Debug\HelloWorldSerial2021.a(USBUART_std.o)
                0x00001784                USBUART_ClearEndpointHalt
 .text.USBUART_ValidateAlternateSetting
                0x00001830       0x4c .\CortexM3\ARM_GCC_541\Debug\HelloWorldSerial2021.a(USBUART_std.o)
                0x00001830                USBUART_ValidateAlternateSetting
 .text.USBUART_HandleStandardRqst
                0x0000187c      0x354 .\CortexM3\ARM_GCC_541\Debug\HelloWorldSerial2021.a(USBUART_std.o)
                0x0000187c                USBUART_HandleStandardRqst
 .text.USBUART_HandleVendorRqst
                0x00001bd0       0x18 .\CortexM3\ARM_GCC_541\Debug\HelloWorldSerial2021.a(USBUART_vnd.o)
                0x00001bd0                USBUART_HandleVendorRqst
 .text.USBUART_Dp_ClearInterrupt
                0x00001be8       0x10 .\CortexM3\ARM_GCC_541\Debug\HelloWorldSerial2021.a(USBUART_Dp.o)
                0x00001be8                USBUART_Dp_ClearInterrupt
 .text          0x00001bf8       0x20 .\CortexM3\ARM_GCC_541\Debug\HelloWorldSerial2021.a(CyBootAsmGnu.o)
                0x00001bf8                CyDelayCycles
                0x00001c08                CyEnterCriticalSection
                0x00001c10                CyExitCriticalSection
 .text.USBUART_DispatchClassRqst
                0x00001c18       0x60 .\CortexM3\ARM_GCC_541\Debug\HelloWorldSerial2021.a(USBUART_cls.o)
                0x00001c18                USBUART_DispatchClassRqst
 .text.__errno  0x00001c78        0xc d:/cypress/psoc creator/4.4/psoc creator/import/gnu/arm/5.4.1/bin/../lib/gcc/arm-none-eabi/5.4.1/../../../../arm-none-eabi/lib/armv7-m\libg_nano.a(lib_a-errno.o)
                0x00001c78                __errno
 .text.__libc_init_array
                0x00001c84       0x4c d:/cypress/psoc creator/4.4/psoc creator/import/gnu/arm/5.4.1/bin/../lib/gcc/arm-none-eabi/5.4.1/../../../../arm-none-eabi/lib/armv7-m\libg_nano.a(lib_a-init.o)
                0x00001c84                __libc_init_array
 .text.memcpy   0x00001cd0       0x16 d:/cypress/psoc creator/4.4/psoc creator/import/gnu/arm/5.4.1/bin/../lib/gcc/arm-none-eabi/5.4.1/../../../../arm-none-eabi/lib/armv7-m\libg_nano.a(lib_a-memcpy-stub.o)
                0x00001cd0                memcpy
 .text.memset   0x00001ce6       0x10 d:/cypress/psoc creator/4.4/psoc creator/import/gnu/arm/5.4.1/bin/../lib/gcc/arm-none-eabi/5.4.1/../../../../arm-none-eabi/lib/armv7-m\libg_nano.a(lib_a-memset.o)
                0x00001ce6                memset
 .text.__cvt    0x00001cf6       0xc0 d:/cypress/psoc creator/4.4/psoc creator/import/gnu/arm/5.4.1/bin/../lib/gcc/arm-none-eabi/5.4.1/../../../../arm-none-eabi/lib/armv7-m\libg_nano.a(lib_a-nano-vfprintf_float.o)
                0x00001cf6                __cvt
 .text.__exponent
                0x00001db6       0x62 d:/cypress/psoc creator/4.4/psoc creator/import/gnu/arm/5.4.1/bin/../lib/gcc/arm-none-eabi/5.4.1/../../../../arm-none-eabi/lib/armv7-m\libg_nano.a(lib_a-nano-vfprintf_float.o)
                0x00001db6                __exponent
 .text._printf_float
                0x00001e18      0x488 d:/cypress/psoc creator/4.4/psoc creator/import/gnu/arm/5.4.1/bin/../lib/gcc/arm-none-eabi/5.4.1/../../../../arm-none-eabi/lib/armv7-m\libg_nano.a(lib_a-nano-vfprintf_float.o)
                0x00001e18                _printf_float
 .text._printf_common
                0x000022a0       0xec d:/cypress/psoc creator/4.4/psoc creator/import/gnu/arm/5.4.1/bin/../lib/gcc/arm-none-eabi/5.4.1/../../../../arm-none-eabi/lib/armv7-m\libg_nano.a(lib_a-nano-vfprintf_i.o)
                0x000022a0                _printf_common
 .text._printf_i
                0x0000238c      0x24c d:/cypress/psoc creator/4.4/psoc creator/import/gnu/arm/5.4.1/bin/../lib/gcc/arm-none-eabi/5.4.1/../../../../arm-none-eabi/lib/armv7-m\libg_nano.a(lib_a-nano-vfprintf_i.o)
                0x0000238c                _printf_i
 .text.sprintf  0x000025d8       0x48 d:/cypress/psoc creator/4.4/psoc creator/import/gnu/arm/5.4.1/bin/../lib/gcc/arm-none-eabi/5.4.1/../../../../arm-none-eabi/lib/armv7-m\libg_nano.a(lib_a-sprintf.o)
                0x000025d8                siprintf
                0x000025d8                sprintf
 .text          0x00002620       0x10 d:/cypress/psoc creator/4.4/psoc creator/import/gnu/arm/5.4.1/bin/../lib/gcc/arm-none-eabi/5.4.1/../../../../arm-none-eabi/lib/armv7-m\libg_nano.a(lib_a-strlen.o)
                0x00002620                strlen
 .text.quorem   0x00002630      0x116 d:/cypress/psoc creator/4.4/psoc creator/import/gnu/arm/5.4.1/bin/../lib/gcc/arm-none-eabi/5.4.1/../../../../arm-none-eabi/lib/armv7-m\libg_nano.a(lib_a-dtoa.o)
 *fill*         0x00002746        0x2 
 .text._dtoa_r  0x00002748      0xb30 d:/cypress/psoc creator/4.4/psoc creator/import/gnu/arm/5.4.1/bin/../lib/gcc/arm-none-eabi/5.4.1/../../../../arm-none-eabi/lib/armv7-m\libg_nano.a(lib_a-dtoa.o)
                0x00002748                _dtoa_r
 .text._localeconv_r
                0x00003278        0x8 d:/cypress/psoc creator/4.4/psoc creator/import/gnu/arm/5.4.1/bin/../lib/gcc/arm-none-eabi/5.4.1/../../../../arm-none-eabi/lib/armv7-m\libg_nano.a(lib_a-locale.o)
                0x00003278                _localeconv_r
 .text.malloc   0x00003280       0x10 d:/cypress/psoc creator/4.4/psoc creator/import/gnu/arm/5.4.1/bin/../lib/gcc/arm-none-eabi/5.4.1/../../../../arm-none-eabi/lib/armv7-m\libg_nano.a(lib_a-malloc.o)
                0x00003280                malloc
 .text.memchr   0x00003290       0x1c d:/cypress/psoc creator/4.4/psoc creator/import/gnu/arm/5.4.1/bin/../lib/gcc/arm-none-eabi/5.4.1/../../../../arm-none-eabi/lib/armv7-m\libg_nano.a(lib_a-memchr-stub.o)
                0x00003290                memchr
 .text._Balloc  0x000032ac       0x6a d:/cypress/psoc creator/4.4/psoc creator/import/gnu/arm/5.4.1/bin/../lib/gcc/arm-none-eabi/5.4.1/../../../../arm-none-eabi/lib/armv7-m\libg_nano.a(lib_a-mprec.o)
                0x000032ac                _Balloc
 .text._Bfree   0x00003316       0x2e d:/cypress/psoc creator/4.4/psoc creator/import/gnu/arm/5.4.1/bin/../lib/gcc/arm-none-eabi/5.4.1/../../../../arm-none-eabi/lib/armv7-m\libg_nano.a(lib_a-mprec.o)
                0x00003316                _Bfree
 .text.__multadd
                0x00003344       0x76 d:/cypress/psoc creator/4.4/psoc creator/import/gnu/arm/5.4.1/bin/../lib/gcc/arm-none-eabi/5.4.1/../../../../arm-none-eabi/lib/armv7-m\libg_nano.a(lib_a-mprec.o)
                0x00003344                __multadd
 .text.__hi0bits
                0x000033ba       0x40 d:/cypress/psoc creator/4.4/psoc creator/import/gnu/arm/5.4.1/bin/../lib/gcc/arm-none-eabi/5.4.1/../../../../arm-none-eabi/lib/armv7-m\libg_nano.a(lib_a-mprec.o)
                0x000033ba                __hi0bits
 .text.__lo0bits
                0x000033fa       0x5a d:/cypress/psoc creator/4.4/psoc creator/import/gnu/arm/5.4.1/bin/../lib/gcc/arm-none-eabi/5.4.1/../../../../arm-none-eabi/lib/armv7-m\libg_nano.a(lib_a-mprec.o)
                0x000033fa                __lo0bits
 .text.__i2b    0x00003454       0x12 d:/cypress/psoc creator/4.4/psoc creator/import/gnu/arm/5.4.1/bin/../lib/gcc/arm-none-eabi/5.4.1/../../../../arm-none-eabi/lib/armv7-m\libg_nano.a(lib_a-mprec.o)
                0x00003454                __i2b
 .text.__multiply
                0x00003466      0x120 d:/cypress/psoc creator/4.4/psoc creator/import/gnu/arm/5.4.1/bin/../lib/gcc/arm-none-eabi/5.4.1/../../../../arm-none-eabi/lib/armv7-m\libg_nano.a(lib_a-mprec.o)
                0x00003466                __multiply
 *fill*         0x00003586        0x2 
 .text.__pow5mult
                0x00003588       0x9c d:/cypress/psoc creator/4.4/psoc creator/import/gnu/arm/5.4.1/bin/../lib/gcc/arm-none-eabi/5.4.1/../../../../arm-none-eabi/lib/armv7-m\libg_nano.a(lib_a-mprec.o)
                0x00003588                __pow5mult
 .text.__lshift
                0x00003624       0xa2 d:/cypress/psoc creator/4.4/psoc creator/import/gnu/arm/5.4.1/bin/../lib/gcc/arm-none-eabi/5.4.1/../../../../arm-none-eabi/lib/armv7-m\libg_nano.a(lib_a-mprec.o)
                0x00003624                __lshift
 .text.__mcmp   0x000036c6       0x38 d:/cypress/psoc creator/4.4/psoc creator/import/gnu/arm/5.4.1/bin/../lib/gcc/arm-none-eabi/5.4.1/../../../../arm-none-eabi/lib/armv7-m\libg_nano.a(lib_a-mprec.o)
                0x000036c6                __mcmp
 .text.__mdiff  0x000036fe       0xbe d:/cypress/psoc creator/4.4/psoc creator/import/gnu/arm/5.4.1/bin/../lib/gcc/arm-none-eabi/5.4.1/../../../../arm-none-eabi/lib/armv7-m\libg_nano.a(lib_a-mprec.o)
                0x000036fe                __mdiff
 .text.__d2b    0x000037bc       0x9c d:/cypress/psoc creator/4.4/psoc creator/import/gnu/arm/5.4.1/bin/../lib/gcc/arm-none-eabi/5.4.1/../../../../arm-none-eabi/lib/armv7-m\libg_nano.a(lib_a-mprec.o)
                0x000037bc                __d2b
 .text._calloc_r
                0x00003858       0x1c d:/cypress/psoc creator/4.4/psoc creator/import/gnu/arm/5.4.1/bin/../lib/gcc/arm-none-eabi/5.4.1/../../../../arm-none-eabi/lib/armv7-m\libg_nano.a(lib_a-nano-callocr.o)
                0x00003858                _calloc_r
 .text._free_r  0x00003874       0x98 d:/cypress/psoc creator/4.4/psoc creator/import/gnu/arm/5.4.1/bin/../lib/gcc/arm-none-eabi/5.4.1/../../../../arm-none-eabi/lib/armv7-m\libg_nano.a(lib_a-nano-freer.o)
                0x00003874                _free_r
 .text._malloc_r
                0x0000390c       0xbc d:/cypress/psoc creator/4.4/psoc creator/import/gnu/arm/5.4.1/bin/../lib/gcc/arm-none-eabi/5.4.1/../../../../arm-none-eabi/lib/armv7-m\libg_nano.a(lib_a-nano-mallocr.o)
                0x0000390c                _malloc_r
 .text.__ssputs_r
                0x000039c8       0xb2 d:/cypress/psoc creator/4.4/psoc creator/import/gnu/arm/5.4.1/bin/../lib/gcc/arm-none-eabi/5.4.1/../../../../arm-none-eabi/lib/armv7-m\libg_nano.a(lib_a-nano-svfprintf.o)
                0x000039c8                __ssputs_r
 *fill*         0x00003a7a        0x2 
 .text._svfprintf_r
                0x00003a7c      0x1e8 d:/cypress/psoc creator/4.4/psoc creator/import/gnu/arm/5.4.1/bin/../lib/gcc/arm-none-eabi/5.4.1/../../../../arm-none-eabi/lib/armv7-m\libg_nano.a(lib_a-nano-svfprintf.o)
                0x00003a7c                _svfiprintf_r
                0x00003a7c                _svfprintf_r
 .text._sbrk_r  0x00003c64       0x20 d:/cypress/psoc creator/4.4/psoc creator/import/gnu/arm/5.4.1/bin/../lib/gcc/arm-none-eabi/5.4.1/../../../../arm-none-eabi/lib/armv7-m\libg_nano.a(lib_a-sbrkr.o)
                0x00003c64                _sbrk_r
 .text.memmove  0x00003c84       0x36 d:/cypress/psoc creator/4.4/psoc creator/import/gnu/arm/5.4.1/bin/../lib/gcc/arm-none-eabi/5.4.1/../../../../arm-none-eabi/lib/armv7-m\libg_nano.a(lib_a-memmove.o)
                0x00003c84                memmove
 .text.__malloc_lock
                0x00003cba        0x2 d:/cypress/psoc creator/4.4/psoc creator/import/gnu/arm/5.4.1/bin/../lib/gcc/arm-none-eabi/5.4.1/../../../../arm-none-eabi/lib/armv7-m\libg_nano.a(lib_a-mlock.o)
                0x00003cba                __malloc_lock
 .text.__malloc_unlock
                0x00003cbc        0x2 d:/cypress/psoc creator/4.4/psoc creator/import/gnu/arm/5.4.1/bin/../lib/gcc/arm-none-eabi/5.4.1/../../../../arm-none-eabi/lib/armv7-m\libg_nano.a(lib_a-mlock.o)
                0x00003cbc                __malloc_unlock
 .text._realloc_r
                0x00003cbe       0x4c d:/cypress/psoc creator/4.4/psoc creator/import/gnu/arm/5.4.1/bin/../lib/gcc/arm-none-eabi/5.4.1/../../../../arm-none-eabi/lib/armv7-m\libg_nano.a(lib_a-nano-reallocr.o)
                0x00003cbe                _realloc_r
 .text._malloc_usable_size_r
                0x00003d0a       0x14 d:/cypress/psoc creator/4.4/psoc creator/import/gnu/arm/5.4.1/bin/../lib/gcc/arm-none-eabi/5.4.1/../../../../arm-none-eabi/lib/armv7-m\libg_nano.a(lib_a-nano-msizer.o)
                0x00003d0a                _malloc_usable_size_r
 *fill*         0x00003d1e        0x2 
 .text          0x00003d20      0x370 d:/cypress/psoc creator/4.4/psoc creator/import/gnu/arm/5.4.1/bin/../lib/gcc/arm-none-eabi/5.4.1/armv7-m\libgcc.a(_arm_addsubdf3.o)
                0x00003d20                __aeabi_drsub
                0x00003d28                __aeabi_dsub
                0x00003d28                __subdf3
                0x00003d2c                __aeabi_dadd
                0x00003d2c                __adddf3
                0x00003fa4                __floatunsidf
                0x00003fa4                __aeabi_ui2d
                0x00003fc4                __floatsidf
                0x00003fc4                __aeabi_i2d
                0x00003fe8                __aeabi_f2d
                0x00003fe8                __extendsfdf2
                0x00004024                __floatundidf
                0x00004024                __aeabi_ul2d
                0x00004034                __floatdidf
                0x00004034                __aeabi_l2d
 .text          0x00004090      0x424 d:/cypress/psoc creator/4.4/psoc creator/import/gnu/arm/5.4.1/bin/../lib/gcc/arm-none-eabi/5.4.1/armv7-m\libgcc.a(_arm_muldivdf3.o)
                0x00004090                __aeabi_dmul
                0x00004090                __muldf3
                0x000042e4                __divdf3
                0x000042e4                __aeabi_ddiv
 .text          0x000044b4      0x110 d:/cypress/psoc creator/4.4/psoc creator/import/gnu/arm/5.4.1/bin/../lib/gcc/arm-none-eabi/5.4.1/armv7-m\libgcc.a(_arm_cmpdf2.o)
                0x000044b4                __gtdf2
                0x000044b4                __gedf2
                0x000044bc                __ltdf2
                0x000044bc                __ledf2
                0x000044c4                __nedf2
                0x000044c4                __eqdf2
                0x000044c4                __cmpdf2
                0x00004540                __aeabi_cdrcmple
                0x00004550                __aeabi_cdcmpeq
                0x00004550                __aeabi_cdcmple
                0x00004560                __aeabi_dcmpeq
                0x00004574                __aeabi_dcmplt
                0x00004588                __aeabi_dcmple
                0x0000459c                __aeabi_dcmpge
                0x000045b0                __aeabi_dcmpgt
 .text          0x000045c4       0x2c d:/cypress/psoc creator/4.4/psoc creator/import/gnu/arm/5.4.1/bin/../lib/gcc/arm-none-eabi/5.4.1/armv7-m\libgcc.a(_arm_unorddf2.o)
                0x000045c4                __unorddf2
                0x000045c4                __aeabi_dcmpun
 .text          0x000045f0       0x50 d:/cypress/psoc creator/4.4/psoc creator/import/gnu/arm/5.4.1/bin/../lib/gcc/arm-none-eabi/5.4.1/armv7-m\libgcc.a(_arm_fixdfsi.o)
                0x000045f0                __aeabi_d2iz
                0x000045f0                __fixdfsi
 *(.plt)
 *(.gnu.warning)
 *(.glue_7t)
 .glue_7t       0x00004640        0x0 linker stubs
 *(.glue_7)
 .glue_7        0x00004640        0x0 linker stubs
 *(.vfp11_veneer)
 .vfp11_veneer  0x00004640        0x0 linker stubs
 *(.bootloader)
 *(.ARM.extab* .gnu.linkonce.armextab.*)
 *(.gcc_except_table)

.v4_bx          0x00004640        0x0
 .v4_bx         0x00004640        0x0 linker stubs

.iplt           0x00004640        0x0
 .iplt          0x00004640        0x0 d:/cypress/psoc creator/4.4/psoc creator/import/gnu/arm/5.4.1/bin/../lib/gcc/arm-none-eabi/5.4.1/armv7-m/crtbegin.o

.eh_frame_hdr
 *(.eh_frame_hdr)

.eh_frame       0x00004640        0x4
 *(.eh_frame)
 .eh_frame      0x00004640        0x0 d:/cypress/psoc creator/4.4/psoc creator/import/gnu/arm/5.4.1/bin/../lib/gcc/arm-none-eabi/5.4.1/armv7-m/crtbegin.o
 .eh_frame      0x00004640        0x4 d:/cypress/psoc creator/4.4/psoc creator/import/gnu/arm/5.4.1/bin/../lib/gcc/arm-none-eabi/5.4.1/armv7-m/crtend.o
                [!provide]                PROVIDE (__exidx_start, .)

.ARM.exidx
 *(.ARM.exidx* .gnu.linkonce.armexidx.*)
                0x00004644                __exidx_end = .

.rodata         0x00004648      0x3f8
 *(.rodata .rodata.* .gnu.linkonce.r.*)
 .rodata.str1.4
                0x00004648       0x76 .\CortexM3\ARM_GCC_541\Debug\main.o
 *fill*         0x000046be        0x2 
 .rodata        0x000046c0       0x30 .\CortexM3\ARM_GCC_541\Debug\cyfitter_cfg.o
 .rodata.str1.4
                0x000046f0       0x14 .\CortexM3\ARM_GCC_541\Debug\HelloWorldSerial2021.a(USBUART_std.o)
                                 0x11 (size before relaxing)
 .rodata        0x00004704      0x1a2 .\CortexM3\ARM_GCC_541\Debug\HelloWorldSerial2021.a(USBUART_descr.o)
                0x00004704                USBUART_TABLE
                0x0000470c                USBUART_DEVICE0_TABLE
                0x00004724                USBUART_DEVICE0_CONFIGURATION0_TABLE
                0x0000474c                USBUART_DEVICE0_CONFIGURATION0_INTERFACE_CLASS
                0x00004750                USBUART_DEVICE0_CONFIGURATION0_EP_SETTINGS_TABLE
                0x00004768                USBUART_SN_STRING_DESCRIPTOR
                0x0000476c                USBUART_STRING_DESCRIPTORS
                0x00004850                USBUART_DEVICE0_CONFIGURATION0_DESCR
                0x00004894                USBUART_DEVICE0_DESCR
 .rodata.str1.1
                0x000048a6        0x2 d:/cypress/psoc creator/4.4/psoc creator/import/gnu/arm/5.4.1/bin/../lib/gcc/arm-none-eabi/5.4.1/../../../../arm-none-eabi/lib/armv7-m\libg_nano.a(lib_a-impure.o)
 .rodata.str1.1
                0x000048a8       0x12 d:/cypress/psoc creator/4.4/psoc creator/import/gnu/arm/5.4.1/bin/../lib/gcc/arm-none-eabi/5.4.1/../../../../arm-none-eabi/lib/armv7-m\libg_nano.a(lib_a-nano-vfprintf_float.o)
 .rodata.str1.1
                0x000048ba       0x22 d:/cypress/psoc creator/4.4/psoc creator/import/gnu/arm/5.4.1/bin/../lib/gcc/arm-none-eabi/5.4.1/../../../../arm-none-eabi/lib/armv7-m\libg_nano.a(lib_a-nano-vfprintf_i.o)
 .rodata.str1.1
                0x000048dc        0xd d:/cypress/psoc creator/4.4/psoc creator/import/gnu/arm/5.4.1/bin/../lib/gcc/arm-none-eabi/5.4.1/../../../../arm-none-eabi/lib/armv7-m\libg_nano.a(lib_a-dtoa.o)
                                  0xf (size before relaxing)
 .rodata.str1.1
                0x000048e9        0x8 d:/cypress/psoc creator/4.4/psoc creator/import/gnu/arm/5.4.1/bin/../lib/gcc/arm-none-eabi/5.4.1/../../../../arm-none-eabi/lib/armv7-m\libg_nano.a(lib_a-locale.o)
                                  0xb (size before relaxing)
 *fill*         0x000048f1        0x7 
 .rodata.__mprec_tens
                0x000048f8       0xc8 d:/cypress/psoc creator/4.4/psoc creator/import/gnu/arm/5.4.1/bin/../lib/gcc/arm-none-eabi/5.4.1/../../../../arm-none-eabi/lib/armv7-m\libg_nano.a(lib_a-mprec.o)
                0x000048f8                __mprec_tens
 .rodata.p05.5408
                0x000049c0        0xc d:/cypress/psoc creator/4.4/psoc creator/import/gnu/arm/5.4.1/bin/../lib/gcc/arm-none-eabi/5.4.1/../../../../arm-none-eabi/lib/armv7-m\libg_nano.a(lib_a-mprec.o)
 *fill*         0x000049cc        0x4 
 .rodata.__mprec_bigtens
                0x000049d0       0x28 d:/cypress/psoc creator/4.4/psoc creator/import/gnu/arm/5.4.1/bin/../lib/gcc/arm-none-eabi/5.4.1/../../../../arm-none-eabi/lib/armv7-m\libg_nano.a(lib_a-mprec.o)
                0x000049d0                __mprec_bigtens
 .rodata.str1.1
                0x000049f8       0x11 d:/cypress/psoc creator/4.4/psoc creator/import/gnu/arm/5.4.1/bin/../lib/gcc/arm-none-eabi/5.4.1/../../../../arm-none-eabi/lib/armv7-m\libg_nano.a(lib_a-nano-svfprintf.o)
                0x00004a0c                . = ALIGN (0x4)
 *fill*         0x00004a09        0x3 
 *(.init)
 .init          0x00004a0c        0x4 d:/cypress/psoc creator/4.4/psoc creator/import/gnu/arm/5.4.1/bin/../lib/gcc/arm-none-eabi/5.4.1/armv7-m/crti.o
                0x00004a0c                _init
 .init          0x00004a10        0x8 d:/cypress/psoc creator/4.4/psoc creator/import/gnu/arm/5.4.1/bin/../lib/gcc/arm-none-eabi/5.4.1/armv7-m/crtn.o
                0x00004a18                . = ALIGN (0x4)
                0x00004a18                __preinit_array_start = .
 *(.preinit_array)
                0x00004a18                __preinit_array_end = .
                0x00004a18                . = ALIGN (0x4)
                0x00004a18                __init_array_start = .
 *(SORT(.init_array.*))
 *(.init_array)
 .init_array    0x00004a18        0x4 d:/cypress/psoc creator/4.4/psoc creator/import/gnu/arm/5.4.1/bin/../lib/gcc/arm-none-eabi/5.4.1/armv7-m/crtbegin.o
 .init_array    0x00004a1c        0x4 .\CortexM3\ARM_GCC_541\Debug\Cm3Start.o
                0x00004a20                __init_array_end = .
                0x00004a20                . = ALIGN (0x4)
 *(.fini)
 .fini          0x00004a20        0x4 d:/cypress/psoc creator/4.4/psoc creator/import/gnu/arm/5.4.1/bin/../lib/gcc/arm-none-eabi/5.4.1/armv7-m/crti.o
                0x00004a20                _fini
 .fini          0x00004a24        0x8 d:/cypress/psoc creator/4.4/psoc creator/import/gnu/arm/5.4.1/bin/../lib/gcc/arm-none-eabi/5.4.1/armv7-m/crtn.o
                0x00004a2c                . = ALIGN (0x4)
                0x00004a2c                __fini_array_start = .
 *(.fini_array)
 .fini_array    0x00004a2c        0x4 d:/cypress/psoc creator/4.4/psoc creator/import/gnu/arm/5.4.1/bin/../lib/gcc/arm-none-eabi/5.4.1/armv7-m/crtbegin.o
 *(SORT(.fini_array.*))
                0x00004a30                __fini_array_end = .
                0x00004a30                . = ALIGN (0x4)
 *crtbegin.o(.ctors)
 *(EXCLUDE_FILE(*crtend.o) .ctors)
 *(SORT(.ctors.*))
 *crtend.o(.ctors)
                0x00004a30                . = ALIGN (0x4)
 *crtbegin.o(.dtors)
 *(EXCLUDE_FILE(*crtend.o) .dtors)
 *(SORT(.dtors.*))
 *crtend.o(.dtors)
                0x00004a30                . = ALIGN (0x4)
                0x00004a30                __cy_regions = .
                0x00004a30        0x4 LONG 0x4a40 __cy_region_init_ram
                0x00004a34        0x4 LONG 0x1fff80c8 __cy_region_start_data
                0x00004a38        0x4 LONG 0xf0 __cy_region_init_size_ram
                0x00004a3c        0x4 LONG 0x108 __cy_region_zero_size_ram
                0x00004a40                __cy_regions_end = .
                0x00004a40                . = ALIGN (0x8)
                0x00004a40                _etext = .

.cy_checksum_exclude
                0x00004a40        0x0
 *(.cy_checksum_exclude)

.ramvectors     0x1fff8000       0xc0
                0x1fff8000                __cy_region_start_ram = .
 *(.ramvectors)
 .ramvectors    0x1fff8000       0xc0 .\CortexM3\ARM_GCC_541\Debug\Cm3Start.o
                0x1fff8000                CyRamVectors

.noinit         0x1fff80c0        0x1
 *(.noinit)
 .noinit        0x1fff80c0        0x1 .\CortexM3\ARM_GCC_541\Debug\HelloWorldSerial2021.a(CyLib.o)
                0x1fff80c0                CyResetStatus

.data           0x1fff80c8       0xf0 load address 0x00004a40
                0x1fff80c8                __cy_region_start_data = .
 *(.jcr)
 .jcr           0x1fff80c8        0x0 d:/cypress/psoc creator/4.4/psoc creator/import/gnu/arm/5.4.1/bin/../lib/gcc/arm-none-eabi/5.4.1/armv7-m/crtbegin.o
 .jcr           0x1fff80c8        0x4 d:/cypress/psoc creator/4.4/psoc creator/import/gnu/arm/5.4.1/bin/../lib/gcc/arm-none-eabi/5.4.1/armv7-m/crtend.o
 *(.got.plt)
 *(.got)
 *(.shdata)
 *(.data .data.* .gnu.linkonce.d.*)
 .data          0x1fff80cc       0x20 .\CortexM3\ARM_GCC_541\Debug\main.o
                0x1fff80cc                parity
                0x1fff80e0                stop
 .data          0x1fff80ec        0x4 .\CortexM3\ARM_GCC_541\Debug\Cm3Start.o
 .data          0x1fff80f0       0x10 .\CortexM3\ARM_GCC_541\Debug\HelloWorldSerial2021.a(CyLib.o)
                0x1fff80f0                cydelay_32k_ms
                0x1fff80f4                cydelay_freq_khz
                0x1fff80f8                cydelay_freq_mhz
                0x1fff80fc                cydelay_freq_hz
 .data          0x1fff8100       0x1a .\CortexM3\ARM_GCC_541\Debug\HelloWorldSerial2021.a(USBUART_cdc.o)
                0x1fff8100                USBUART_linesCoding
 *fill*         0x1fff811a        0x2 
 .data.impure_data
                0x1fff811c       0x60 d:/cypress/psoc creator/4.4/psoc creator/import/gnu/arm/5.4.1/bin/../lib/gcc/arm-none-eabi/5.4.1/../../../../arm-none-eabi/lib/armv7-m\libg_nano.a(lib_a-impure.o)
 .data._impure_ptr
                0x1fff817c        0x4 d:/cypress/psoc creator/4.4/psoc creator/import/gnu/arm/5.4.1/bin/../lib/gcc/arm-none-eabi/5.4.1/../../../../arm-none-eabi/lib/armv7-m\libg_nano.a(lib_a-impure.o)
                0x1fff817c                _impure_ptr
 .data.lconv    0x1fff8180       0x38 d:/cypress/psoc creator/4.4/psoc creator/import/gnu/arm/5.4.1/bin/../lib/gcc/arm-none-eabi/5.4.1/../../../../arm-none-eabi/lib/armv7-m\libg_nano.a(lib_a-locale.o)
                0x1fff81b8                . = ALIGN (0x8)
 *(.ram)
                0x1fff81b8                _edata = .

.igot.plt       0x1fff81b8        0x0 load address 0x00004b30
 .igot.plt      0x1fff81b8        0x0 d:/cypress/psoc creator/4.4/psoc creator/import/gnu/arm/5.4.1/bin/../lib/gcc/arm-none-eabi/5.4.1/armv7-m/crtbegin.o

.bss            0x1fff81b8      0x108 load address 0x00004b30
                0x1fff81b8                PROVIDE (__bss_start__, .)
 *(.shbss)
 *(.bss .bss.* .gnu.linkonce.b.*)
 .bss           0x1fff81b8       0x1c d:/cypress/psoc creator/4.4/psoc creator/import/gnu/arm/5.4.1/bin/../lib/gcc/arm-none-eabi/5.4.1/armv7-m/crtbegin.o
 .bss           0x1fff81d4        0x1 .\CortexM3\ARM_GCC_541\Debug\HelloWorldSerial2021.a(USBUART.o)
                0x1fff81d4                USBUART_initVar
 .bss           0x1fff81d5        0x1 .\CortexM3\ARM_GCC_541\Debug\HelloWorldSerial2021.a(USBUART_cdc.o)
 *fill*         0x1fff81d6        0x2 
 .bss           0x1fff81d8        0x2 .\CortexM3\ARM_GCC_541\Debug\HelloWorldSerial2021.a(USBUART_std.o)
 *fill*         0x1fff81da        0x2 
 .bss.__malloc_sbrk_start
                0x1fff81dc        0x4 d:/cypress/psoc creator/4.4/psoc creator/import/gnu/arm/5.4.1/bin/../lib/gcc/arm-none-eabi/5.4.1/../../../../arm-none-eabi/lib/armv7-m\libg_nano.a(lib_a-nano-mallocr.o)
                0x1fff81dc                __malloc_sbrk_start
 .bss.__malloc_free_list
                0x1fff81e0        0x4 d:/cypress/psoc creator/4.4/psoc creator/import/gnu/arm/5.4.1/bin/../lib/gcc/arm-none-eabi/5.4.1/../../../../arm-none-eabi/lib/armv7-m\libg_nano.a(lib_a-nano-mallocr.o)
                0x1fff81e0                __malloc_free_list
 *(COMMON)
 COMMON         0x1fff81e4       0x18 .\CortexM3\ARM_GCC_541\Debug\HelloWorldSerial2021.a(USBUART_cdc.o)
                0x1fff81e4                USBUART_linesChanged
                0x1fff81e8                USBUART_cdcDataInEp
                0x1fff81ec                USBUART_cdcCommInInterruptEp
                0x1fff81f0                USBUART_cdcDataOutEp
                0x1fff81f4                USBUART_serialStateBitmap
                0x1fff81f8                USBUART_linesControlBitmap
 COMMON         0x1fff81fc       0x9a .\CortexM3\ARM_GCC_541\Debug\HelloWorldSerial2021.a(USBUART_drv.o)
                0x1fff81fc                USBUART_lastPacketSize
                0x1fff81fd                USBUART_device
                0x1fff81fe                USBUART_transferByteCount
                0x1fff8200                USBUART_transferState
                0x1fff8204                USBUART_interfaceSettingLast
                0x1fff8208                USBUART_currentTD
                0x1fff8214                USBUART_interfaceNumber
                0x1fff8218                USBUART_interfaceClass
                0x1fff821c                USBUART_configurationChanged
                0x1fff821d                USBUART_ep0Mode
                0x1fff821e                USBUART_deviceAddress
                0x1fff821f                USBUART_configuration
                0x1fff8220                USBUART_ep0Count
                0x1fff8221                USBUART_deviceStatus
                0x1fff8224                USBUART_EP
                0x1fff8290                USBUART_interfaceSetting
                0x1fff8292                USBUART_ep0Toggle
                0x1fff8294                USBUART_interfaceStatus
 *fill*         0x1fff8296        0x2 
 COMMON         0x1fff8298       0x22 .\CortexM3\ARM_GCC_541\Debug\HelloWorldSerial2021.a(USBUART_descr.o)
                0x1fff8298                USBUART_idSerialNumberStringDescriptor
 *fill*         0x1fff82ba        0x2 
 COMMON         0x1fff82bc        0x4 d:/cypress/psoc creator/4.4/psoc creator/import/gnu/arm/5.4.1/bin/../lib/gcc/arm-none-eabi/5.4.1/../../../../arm-none-eabi/lib/armv7-m\libg_nano.a(lib_a-reent.o)
                0x1fff82bc                errno
                0x1fff82c0                . = ALIGN (0x8)
 *(.ram.b)
                0x1fff82c0                _end = .
                0x1fff82c0                __end = .
                0x1fff82c0                PROVIDE (end, .)
                0x1fff82c0                PROVIDE (__bss_end__, .)
                0x00004a40                __cy_region_init_ram = LOADADDR (.data)
                0x000000f0                __cy_region_init_size_ram = (_edata - ADDR (.data))
                0x00000108                __cy_region_zero_size_ram = (_end - _edata)

.heap           0x1fff82c0       0x80 load address 0x00004b30
                0x1fff82c0                . = _end
                0x1fff8340                . = (. + 0x80)
 *fill*         0x1fff82c0       0x80 
                0x1fff8340                __cy_heap_limit = .

.stack          0x20007800      0x800
                0x20007800                __cy_stack_limit = .
                0x20008000                . = (. + 0x800)
 *fill*         0x20007800      0x800 
                0x00000001                ASSERT ((__cy_stack_limit >= __cy_heap_limit), region RAM overflowed with stack)
                0x00000000                cy_checksum_exclude_size = (CY_APPL_LOADABLE == 0x1)?SIZEOF (.cy_checksum_exclude):0x0
                0x00000001                ASSERT ((cy_checksum_exclude_size <= CY_CHECKSUM_EXCLUDE_SIZE), CY_BOOT: Section .cy_checksum_exclude size exceedes specified limit.)

.cyloadermeta
 *(.cyloadermeta)

.cyloadablemeta
 *(.cyloadablemeta)

.cyconfigecc    0x80000000       0xe4
 *(.cyconfigecc)
 .cyconfigecc   0x80000000       0xe4 .\CortexM3\ARM_GCC_541\Debug\cymetadata.o
                0x80000000                cy_meta_configecc

.cycustnvl      0x90000000        0x4
 *(.cycustnvl)
 .cycustnvl     0x90000000        0x4 .\CortexM3\ARM_GCC_541\Debug\cymetadata.o
                0x90000000                cy_meta_custnvl

.cywolatch      0x90100000        0x4
 *(.cywolatch)
 .cywolatch     0x90100000        0x4 .\CortexM3\ARM_GCC_541\Debug\cymetadata.o
                0x90100000                cy_meta_wonvl

.cyeeprom       0x90200000        0x0
 *(.cyeeprom)
                0x00000001                ASSERT ((. <= ((0x90200000 + ee_offset) + ee_size)), .cyeeprom data will not fit in EEPROM)

.cyflashprotect
                0x90400000      0x100
 *(.cyflashprotect)
 .cyflashprotect
                0x90400000      0x100 .\CortexM3\ARM_GCC_541\Debug\cymetadata.o
                0x90400000                cy_meta_flashprotect

.cymeta         0x90500000        0xc
 *(.cymeta)
 .cymeta        0x90500000        0xc .\CortexM3\ARM_GCC_541\Debug\cymetadata.o
                0x90500000                cy_metadata

.rel.dyn        0x00004b30        0x0 load address 0x9050000c
 .rel.iplt      0x00004b30        0x0 d:/cypress/psoc creator/4.4/psoc creator/import/gnu/arm/5.4.1/bin/../lib/gcc/arm-none-eabi/5.4.1/armv7-m/crtbegin.o

.stab
 *(.stab)

.stabstr
 *(.stabstr)

.debug
 *(.debug)

.line
 *(.line)

.debug_srcinfo
 *(.debug_srcinfo)

.debug_sfnames
 *(.debug_sfnames)

.debug_aranges  0x00000000      0x958
 *(.debug_aranges)
 .debug_aranges
                0x00000000       0x20 .\CortexM3\ARM_GCC_541\Debug\main.o
 .debug_aranges
                0x00000020       0x58 .\CortexM3\ARM_GCC_541\Debug\cyfitter_cfg.o
 .debug_aranges
                0x00000078       0x18 .\CortexM3\ARM_GCC_541\Debug\cymetadata.o
 .debug_aranges
                0x00000090       0x48 .\CortexM3\ARM_GCC_541\Debug\Cm3Start.o
 .debug_aranges
                0x000000d8       0x38 .\CortexM3\ARM_GCC_541\Debug\HelloWorldSerial2021.a(BoardLed.o)
 .debug_aranges
                0x00000110      0x2a0 .\CortexM3\ARM_GCC_541\Debug\HelloWorldSerial2021.a(CyLib.o)
 .debug_aranges
                0x000003b0       0x98 .\CortexM3\ARM_GCC_541\Debug\HelloWorldSerial2021.a(cyPm.o)
 .debug_aranges
                0x00000448       0xc8 .\CortexM3\ARM_GCC_541\Debug\HelloWorldSerial2021.a(USBUART.o)
 .debug_aranges
                0x00000510       0xe8 .\CortexM3\ARM_GCC_541\Debug\HelloWorldSerial2021.a(USBUART_cdc.o)
 .debug_aranges
                0x000005f8       0x98 .\CortexM3\ARM_GCC_541\Debug\HelloWorldSerial2021.a(USBUART_drv.o)
 .debug_aranges
                0x00000690       0x40 .\CortexM3\ARM_GCC_541\Debug\HelloWorldSerial2021.a(USBUART_episr.o)
 .debug_aranges
                0x000006d0       0x40 .\CortexM3\ARM_GCC_541\Debug\HelloWorldSerial2021.a(USBUART_pm.o)
 .debug_aranges
                0x00000710       0x80 .\CortexM3\ARM_GCC_541\Debug\HelloWorldSerial2021.a(USBUART_std.o)
 .debug_aranges
                0x00000790       0x20 .\CortexM3\ARM_GCC_541\Debug\HelloWorldSerial2021.a(USBUART_vnd.o)
 .debug_aranges
                0x000007b0       0x48 .\CortexM3\ARM_GCC_541\Debug\HelloWorldSerial2021.a(USBUART_Dp.o)
 .debug_aranges
                0x000007f8       0x20 .\CortexM3\ARM_GCC_541\Debug\HelloWorldSerial2021.a(CyBootAsmGnu.o)
 .debug_aranges
                0x00000818       0x88 .\CortexM3\ARM_GCC_541\Debug\HelloWorldSerial2021.a(CyFlash.o)
 .debug_aranges
                0x000008a0       0x80 .\CortexM3\ARM_GCC_541\Debug\HelloWorldSerial2021.a(CySpc.o)
 .debug_aranges
                0x00000920       0x20 .\CortexM3\ARM_GCC_541\Debug\HelloWorldSerial2021.a(USBUART_cls.o)
 .debug_aranges
                0x00000940       0x18 .\CortexM3\ARM_GCC_541\Debug\HelloWorldSerial2021.a(USBUART_descr.o)

.debug_pubnames
 *(.debug_pubnames)

.debug_info     0x00000000     0x6ae8
 *(.debug_info .gnu.linkonce.wi.*)
 .debug_info    0x00000000      0x413 .\CortexM3\ARM_GCC_541\Debug\main.o
 .debug_info    0x00000413      0x4c9 .\CortexM3\ARM_GCC_541\Debug\cyfitter_cfg.o
 .debug_info    0x000008dc      0x134 .\CortexM3\ARM_GCC_541\Debug\cymetadata.o
 .debug_info    0x00000a10      0x3bb .\CortexM3\ARM_GCC_541\Debug\Cm3Start.o
 .debug_info    0x00000dcb      0x11f .\CortexM3\ARM_GCC_541\Debug\HelloWorldSerial2021.a(BoardLed.o)
 .debug_info    0x00000eea     0x1374 .\CortexM3\ARM_GCC_541\Debug\HelloWorldSerial2021.a(CyLib.o)
 .debug_info    0x0000225e      0xa2a .\CortexM3\ARM_GCC_541\Debug\HelloWorldSerial2021.a(cyPm.o)
 .debug_info    0x00002c88      0x995 .\CortexM3\ARM_GCC_541\Debug\HelloWorldSerial2021.a(USBUART.o)
 .debug_info    0x0000361d      0xaf7 .\CortexM3\ARM_GCC_541\Debug\HelloWorldSerial2021.a(USBUART_cdc.o)
 .debug_info    0x00004114      0x655 .\CortexM3\ARM_GCC_541\Debug\HelloWorldSerial2021.a(USBUART_drv.o)
 .debug_info    0x00004769      0x254 .\CortexM3\ARM_GCC_541\Debug\HelloWorldSerial2021.a(USBUART_episr.o)
 .debug_info    0x000049bd      0x2e4 .\CortexM3\ARM_GCC_541\Debug\HelloWorldSerial2021.a(USBUART_pm.o)
 .debug_info    0x00004ca1      0xb26 .\CortexM3\ARM_GCC_541\Debug\HelloWorldSerial2021.a(USBUART_std.o)
 .debug_info    0x000057c7       0xed .\CortexM3\ARM_GCC_541\Debug\HelloWorldSerial2021.a(USBUART_vnd.o)
 .debug_info    0x000058b4      0x174 .\CortexM3\ARM_GCC_541\Debug\HelloWorldSerial2021.a(USBUART_Dp.o)
 .debug_info    0x00005a28       0xa0 .\CortexM3\ARM_GCC_541\Debug\HelloWorldSerial2021.a(CyBootAsmGnu.o)
 .debug_info    0x00005ac8      0x64d .\CortexM3\ARM_GCC_541\Debug\HelloWorldSerial2021.a(CyFlash.o)
 .debug_info    0x00006115      0x550 .\CortexM3\ARM_GCC_541\Debug\HelloWorldSerial2021.a(CySpc.o)
 .debug_info    0x00006665      0x1de .\CortexM3\ARM_GCC_541\Debug\HelloWorldSerial2021.a(USBUART_cls.o)
 .debug_info    0x00006843      0x2a5 .\CortexM3\ARM_GCC_541\Debug\HelloWorldSerial2021.a(USBUART_descr.o)

.debug_abbrev   0x00000000     0x1a07
 *(.debug_abbrev)
 .debug_abbrev  0x00000000      0x116 .\CortexM3\ARM_GCC_541\Debug\main.o
 .debug_abbrev  0x00000116      0x1fe .\CortexM3\ARM_GCC_541\Debug\cyfitter_cfg.o
 .debug_abbrev  0x00000314       0x5d .\CortexM3\ARM_GCC_541\Debug\cymetadata.o
 .debug_abbrev  0x00000371      0x1e8 .\CortexM3\ARM_GCC_541\Debug\Cm3Start.o
 .debug_abbrev  0x00000559       0x90 .\CortexM3\ARM_GCC_541\Debug\HelloWorldSerial2021.a(BoardLed.o)
 .debug_abbrev  0x000005e9      0x254 .\CortexM3\ARM_GCC_541\Debug\HelloWorldSerial2021.a(CyLib.o)
 .debug_abbrev  0x0000083d      0x1ab .\CortexM3\ARM_GCC_541\Debug\HelloWorldSerial2021.a(cyPm.o)
 .debug_abbrev  0x000009e8      0x215 .\CortexM3\ARM_GCC_541\Debug\HelloWorldSerial2021.a(USBUART.o)
 .debug_abbrev  0x00000bfd      0x245 .\CortexM3\ARM_GCC_541\Debug\HelloWorldSerial2021.a(USBUART_cdc.o)
 .debug_abbrev  0x00000e42      0x189 .\CortexM3\ARM_GCC_541\Debug\HelloWorldSerial2021.a(USBUART_drv.o)
 .debug_abbrev  0x00000fcb      0x11b .\CortexM3\ARM_GCC_541\Debug\HelloWorldSerial2021.a(USBUART_episr.o)
 .debug_abbrev  0x000010e6      0x108 .\CortexM3\ARM_GCC_541\Debug\HelloWorldSerial2021.a(USBUART_pm.o)
 .debug_abbrev  0x000011ee      0x20a .\CortexM3\ARM_GCC_541\Debug\HelloWorldSerial2021.a(USBUART_std.o)
 .debug_abbrev  0x000013f8       0x9b .\CortexM3\ARM_GCC_541\Debug\HelloWorldSerial2021.a(USBUART_vnd.o)
 .debug_abbrev  0x00001493       0x90 .\CortexM3\ARM_GCC_541\Debug\HelloWorldSerial2021.a(USBUART_Dp.o)
 .debug_abbrev  0x00001523       0x14 .\CortexM3\ARM_GCC_541\Debug\HelloWorldSerial2021.a(CyBootAsmGnu.o)
 .debug_abbrev  0x00001537      0x1a7 .\CortexM3\ARM_GCC_541\Debug\HelloWorldSerial2021.a(CyFlash.o)
 .debug_abbrev  0x000016de      0x194 .\CortexM3\ARM_GCC_541\Debug\HelloWorldSerial2021.a(CySpc.o)
 .debug_abbrev  0x00001872       0xe1 .\CortexM3\ARM_GCC_541\Debug\HelloWorldSerial2021.a(USBUART_cls.o)
 .debug_abbrev  0x00001953       0xb4 .\CortexM3\ARM_GCC_541\Debug\HelloWorldSerial2021.a(USBUART_descr.o)

.debug_line     0x00000000     0x27d9
 *(.debug_line)
 .debug_line    0x00000000      0x217 .\CortexM3\ARM_GCC_541\Debug\main.o
 .debug_line    0x00000217      0x1c2 .\CortexM3\ARM_GCC_541\Debug\cyfitter_cfg.o
 .debug_line    0x000003d9      0x119 .\CortexM3\ARM_GCC_541\Debug\cymetadata.o
 .debug_line    0x000004f2      0x20c .\CortexM3\ARM_GCC_541\Debug\Cm3Start.o
 .debug_line    0x000006fe       0x95 .\CortexM3\ARM_GCC_541\Debug\HelloWorldSerial2021.a(BoardLed.o)
 .debug_line    0x00000793      0x816 .\CortexM3\ARM_GCC_541\Debug\HelloWorldSerial2021.a(CyLib.o)
 .debug_line    0x00000fa9      0x367 .\CortexM3\ARM_GCC_541\Debug\HelloWorldSerial2021.a(cyPm.o)
 .debug_line    0x00001310      0x2dc .\CortexM3\ARM_GCC_541\Debug\HelloWorldSerial2021.a(USBUART.o)
 .debug_line    0x000015ec      0x2f2 .\CortexM3\ARM_GCC_541\Debug\HelloWorldSerial2021.a(USBUART_cdc.o)
 .debug_line    0x000018de      0x221 .\CortexM3\ARM_GCC_541\Debug\HelloWorldSerial2021.a(USBUART_drv.o)
 .debug_line    0x00001aff       0xe6 .\CortexM3\ARM_GCC_541\Debug\HelloWorldSerial2021.a(USBUART_episr.o)
 .debug_line    0x00001be5      0x10e .\CortexM3\ARM_GCC_541\Debug\HelloWorldSerial2021.a(USBUART_pm.o)
 .debug_line    0x00001cf3      0x3e2 .\CortexM3\ARM_GCC_541\Debug\HelloWorldSerial2021.a(USBUART_std.o)
 .debug_line    0x000020d5       0x73 .\CortexM3\ARM_GCC_541\Debug\HelloWorldSerial2021.a(USBUART_vnd.o)
 .debug_line    0x00002148       0xbb .\CortexM3\ARM_GCC_541\Debug\HelloWorldSerial2021.a(USBUART_Dp.o)
 .debug_line    0x00002203       0x66 .\CortexM3\ARM_GCC_541\Debug\HelloWorldSerial2021.a(CyBootAsmGnu.o)
 .debug_line    0x00002269      0x21a .\CortexM3\ARM_GCC_541\Debug\HelloWorldSerial2021.a(CyFlash.o)
 .debug_line    0x00002483      0x260 .\CortexM3\ARM_GCC_541\Debug\HelloWorldSerial2021.a(CySpc.o)
 .debug_line    0x000026e3       0x95 .\CortexM3\ARM_GCC_541\Debug\HelloWorldSerial2021.a(USBUART_cls.o)
 .debug_line    0x00002778       0x61 .\CortexM3\ARM_GCC_541\Debug\HelloWorldSerial2021.a(USBUART_descr.o)

.debug_frame    0x00000000     0x1fc0
 *(.debug_frame)
 .debug_frame   0x00000000       0x3c .\CortexM3\ARM_GCC_541\Debug\main.o
 .debug_frame   0x0000003c       0xe4 .\CortexM3\ARM_GCC_541\Debug\cyfitter_cfg.o
 .debug_frame   0x00000120       0xb8 .\CortexM3\ARM_GCC_541\Debug\Cm3Start.o
 .debug_frame   0x000001d8       0x50 .\CortexM3\ARM_GCC_541\Debug\HelloWorldSerial2021.a(BoardLed.o)
 .debug_frame   0x00000228      0x738 .\CortexM3\ARM_GCC_541\Debug\HelloWorldSerial2021.a(CyLib.o)
 .debug_frame   0x00000960      0x1f8 .\CortexM3\ARM_GCC_541\Debug\HelloWorldSerial2021.a(cyPm.o)
 .debug_frame   0x00000b58      0x1dc .\CortexM3\ARM_GCC_541\Debug\HelloWorldSerial2021.a(USBUART.o)
 .debug_frame   0x00000d34      0x27c .\CortexM3\ARM_GCC_541\Debug\HelloWorldSerial2021.a(USBUART_cdc.o)
 .debug_frame   0x00000fb0      0x194 .\CortexM3\ARM_GCC_541\Debug\HelloWorldSerial2021.a(USBUART_drv.o)
 .debug_frame   0x00001144       0x6c .\CortexM3\ARM_GCC_541\Debug\HelloWorldSerial2021.a(USBUART_episr.o)
 .debug_frame   0x000011b0       0xa0 .\CortexM3\ARM_GCC_541\Debug\HelloWorldSerial2021.a(USBUART_pm.o)
 .debug_frame   0x00001250      0x17c .\CortexM3\ARM_GCC_541\Debug\HelloWorldSerial2021.a(USBUART_std.o)
 .debug_frame   0x000013cc       0x20 .\CortexM3\ARM_GCC_541\Debug\HelloWorldSerial2021.a(USBUART_vnd.o)
 .debug_frame   0x000013ec       0x70 .\CortexM3\ARM_GCC_541\Debug\HelloWorldSerial2021.a(USBUART_Dp.o)
 .debug_frame   0x0000145c      0x194 .\CortexM3\ARM_GCC_541\Debug\HelloWorldSerial2021.a(CyFlash.o)
 .debug_frame   0x000015f0      0x180 .\CortexM3\ARM_GCC_541\Debug\HelloWorldSerial2021.a(CySpc.o)
 .debug_frame   0x00001770       0x2c .\CortexM3\ARM_GCC_541\Debug\HelloWorldSerial2021.a(USBUART_cls.o)
 .debug_frame   0x0000179c       0x20 d:/cypress/psoc creator/4.4/psoc creator/import/gnu/arm/5.4.1/bin/../lib/gcc/arm-none-eabi/5.4.1/../../../../arm-none-eabi/lib/armv7-m\libg_nano.a(lib_a-errno.o)
 .debug_frame   0x000017bc       0x28 d:/cypress/psoc creator/4.4/psoc creator/import/gnu/arm/5.4.1/bin/../lib/gcc/arm-none-eabi/5.4.1/../../../../arm-none-eabi/lib/armv7-m\libg_nano.a(lib_a-exit.o)
 .debug_frame   0x000017e4       0x2c d:/cypress/psoc creator/4.4/psoc creator/import/gnu/arm/5.4.1/bin/../lib/gcc/arm-none-eabi/5.4.1/../../../../arm-none-eabi/lib/armv7-m\libg_nano.a(lib_a-init.o)
 .debug_frame   0x00001810       0x28 d:/cypress/psoc creator/4.4/psoc creator/import/gnu/arm/5.4.1/bin/../lib/gcc/arm-none-eabi/5.4.1/../../../../arm-none-eabi/lib/armv7-m\libg_nano.a(lib_a-memcpy-stub.o)
 .debug_frame   0x00001838       0x20 d:/cypress/psoc creator/4.4/psoc creator/import/gnu/arm/5.4.1/bin/../lib/gcc/arm-none-eabi/5.4.1/../../../../arm-none-eabi/lib/armv7-m\libg_nano.a(lib_a-memset.o)
 .debug_frame   0x00001858       0x8c d:/cypress/psoc creator/4.4/psoc creator/import/gnu/arm/5.4.1/bin/../lib/gcc/arm-none-eabi/5.4.1/../../../../arm-none-eabi/lib/armv7-m\libg_nano.a(lib_a-nano-vfprintf_float.o)
 .debug_frame   0x000018e4       0x60 d:/cypress/psoc creator/4.4/psoc creator/import/gnu/arm/5.4.1/bin/../lib/gcc/arm-none-eabi/5.4.1/../../../../arm-none-eabi/lib/armv7-m\libg_nano.a(lib_a-nano-vfprintf_i.o)
 .debug_frame   0x00001944       0x70 d:/cypress/psoc creator/4.4/psoc creator/import/gnu/arm/5.4.1/bin/../lib/gcc/arm-none-eabi/5.4.1/../../../../arm-none-eabi/lib/armv7-m\libg_nano.a(lib_a-sprintf.o)
 .debug_frame   0x000019b4       0x6c d:/cypress/psoc creator/4.4/psoc creator/import/gnu/arm/5.4.1/bin/../lib/gcc/arm-none-eabi/5.4.1/../../../../arm-none-eabi/lib/armv7-m\libg_nano.a(lib_a-dtoa.o)
 .debug_frame   0x00001a20       0x98 d:/cypress/psoc creator/4.4/psoc creator/import/gnu/arm/5.4.1/bin/../lib/gcc/arm-none-eabi/5.4.1/../../../../arm-none-eabi/lib/armv7-m\libg_nano.a(lib_a-locale.o)
 .debug_frame   0x00001ab8       0x30 d:/cypress/psoc creator/4.4/psoc creator/import/gnu/arm/5.4.1/bin/../lib/gcc/arm-none-eabi/5.4.1/../../../../arm-none-eabi/lib/armv7-m\libg_nano.a(lib_a-malloc.o)
 .debug_frame   0x00001ae8       0x28 d:/cypress/psoc creator/4.4/psoc creator/import/gnu/arm/5.4.1/bin/../lib/gcc/arm-none-eabi/5.4.1/../../../../arm-none-eabi/lib/armv7-m\libg_nano.a(lib_a-memchr-stub.o)
 .debug_frame   0x00001b10      0x234 d:/cypress/psoc creator/4.4/psoc creator/import/gnu/arm/5.4.1/bin/../lib/gcc/arm-none-eabi/5.4.1/../../../../arm-none-eabi/lib/armv7-m\libg_nano.a(lib_a-mprec.o)
 .debug_frame   0x00001d44       0x2c d:/cypress/psoc creator/4.4/psoc creator/import/gnu/arm/5.4.1/bin/../lib/gcc/arm-none-eabi/5.4.1/../../../../arm-none-eabi/lib/armv7-m\libg_nano.a(lib_a-nano-callocr.o)
 .debug_frame   0x00001d70       0x38 d:/cypress/psoc creator/4.4/psoc creator/import/gnu/arm/5.4.1/bin/../lib/gcc/arm-none-eabi/5.4.1/../../../../arm-none-eabi/lib/armv7-m\libg_nano.a(lib_a-nano-freer.o)
 .debug_frame   0x00001da8       0x2c d:/cypress/psoc creator/4.4/psoc creator/import/gnu/arm/5.4.1/bin/../lib/gcc/arm-none-eabi/5.4.1/../../../../arm-none-eabi/lib/armv7-m\libg_nano.a(lib_a-nano-mallocr.o)
 .debug_frame   0x00001dd4       0x90 d:/cypress/psoc creator/4.4/psoc creator/import/gnu/arm/5.4.1/bin/../lib/gcc/arm-none-eabi/5.4.1/../../../../arm-none-eabi/lib/armv7-m\libg_nano.a(lib_a-nano-svfprintf.o)
 .debug_frame   0x00001e64       0x2c d:/cypress/psoc creator/4.4/psoc creator/import/gnu/arm/5.4.1/bin/../lib/gcc/arm-none-eabi/5.4.1/../../../../arm-none-eabi/lib/armv7-m\libg_nano.a(lib_a-sbrkr.o)
 .debug_frame   0x00001e90       0x20 d:/cypress/psoc creator/4.4/psoc creator/import/gnu/arm/5.4.1/bin/../lib/gcc/arm-none-eabi/5.4.1/../../../../arm-none-eabi/lib/armv7-m\libg_nano.a(lib_a-strcmp.o)
 .debug_frame   0x00001eb0       0x28 d:/cypress/psoc creator/4.4/psoc creator/import/gnu/arm/5.4.1/bin/../lib/gcc/arm-none-eabi/5.4.1/../../../../arm-none-eabi/lib/armv7-m\libg_nano.a(lib_a-memmove.o)
 .debug_frame   0x00001ed8       0x30 d:/cypress/psoc creator/4.4/psoc creator/import/gnu/arm/5.4.1/bin/../lib/gcc/arm-none-eabi/5.4.1/../../../../arm-none-eabi/lib/armv7-m\libg_nano.a(lib_a-mlock.o)
 .debug_frame   0x00001f08       0x3c d:/cypress/psoc creator/4.4/psoc creator/import/gnu/arm/5.4.1/bin/../lib/gcc/arm-none-eabi/5.4.1/../../../../arm-none-eabi/lib/armv7-m\libg_nano.a(lib_a-nano-reallocr.o)
 .debug_frame   0x00001f44       0x5c d:/cypress/psoc creator/4.4/psoc creator/import/gnu/arm/5.4.1/bin/../lib/gcc/arm-none-eabi/5.4.1/../../../../arm-none-eabi/lib/armv7-m\libg_nano.a(lib_a-reent.o)
 .debug_frame   0x00001fa0       0x20 d:/cypress/psoc creator/4.4/psoc creator/import/gnu/arm/5.4.1/bin/../lib/gcc/arm-none-eabi/5.4.1/../../../../arm-none-eabi/lib/armv7-m\libg_nano.a(lib_a-nano-msizer.o)

.debug_str      0x00000000     0x250a
 *(.debug_str)
 .debug_str     0x00000000      0x2f6 .\CortexM3\ARM_GCC_541\Debug\main.o
                                0x33e (size before relaxing)
 .debug_str     0x000002f6      0x174 .\CortexM3\ARM_GCC_541\Debug\cyfitter_cfg.o
                                0x31f (size before relaxing)
 .debug_str     0x0000046a       0x7f .\CortexM3\ARM_GCC_541\Debug\cymetadata.o
                                0x1f4 (size before relaxing)
 .debug_str     0x000004e9      0x144 .\CortexM3\ARM_GCC_541\Debug\Cm3Start.o
                                0x31a (size before relaxing)
 .debug_str     0x0000062d       0x6c .\CortexM3\ARM_GCC_541\Debug\HelloWorldSerial2021.a(BoardLed.o)
                                0x201 (size before relaxing)
 .debug_str     0x00000699      0x849 .\CortexM3\ARM_GCC_541\Debug\HelloWorldSerial2021.a(CyLib.o)
                                0xa57 (size before relaxing)
 .debug_str     0x00000ee2      0x365 .\CortexM3\ARM_GCC_541\Debug\HelloWorldSerial2021.a(cyPm.o)
                                0x743 (size before relaxing)
 .debug_str     0x00001247      0x403 .\CortexM3\ARM_GCC_541\Debug\HelloWorldSerial2021.a(USBUART.o)
                                0x67a (size before relaxing)
 .debug_str     0x0000164a      0x43d .\CortexM3\ARM_GCC_541\Debug\HelloWorldSerial2021.a(USBUART_cdc.o)
                                0x7e1 (size before relaxing)
 .debug_str     0x00001a87      0x291 .\CortexM3\ARM_GCC_541\Debug\HelloWorldSerial2021.a(USBUART_drv.o)
                                0x658 (size before relaxing)
 .debug_str     0x00001d18       0x80 .\CortexM3\ARM_GCC_541\Debug\HelloWorldSerial2021.a(USBUART_episr.o)
                                0x2ef (size before relaxing)
 .debug_str     0x00001d98       0xd2 .\CortexM3\ARM_GCC_541\Debug\HelloWorldSerial2021.a(USBUART_pm.o)
                                0x300 (size before relaxing)
 .debug_str     0x00001e6a      0x259 .\CortexM3\ARM_GCC_541\Debug\HelloWorldSerial2021.a(USBUART_std.o)
                                0x7c7 (size before relaxing)
 .debug_str     0x000020c3       0x25 .\CortexM3\ARM_GCC_541\Debug\HelloWorldSerial2021.a(USBUART_vnd.o)
                                0x1fd (size before relaxing)
 .debug_str     0x000020e8       0x99 .\CortexM3\ARM_GCC_541\Debug\HelloWorldSerial2021.a(USBUART_Dp.o)
                                0x251 (size before relaxing)
 .debug_str     0x00002181      0x1b4 .\CortexM3\ARM_GCC_541\Debug\HelloWorldSerial2021.a(CyFlash.o)
                                0x3d0 (size before relaxing)
 .debug_str     0x00002335       0xac .\CortexM3\ARM_GCC_541\Debug\HelloWorldSerial2021.a(CySpc.o)
                                0x348 (size before relaxing)
 .debug_str     0x000023e1       0x25 .\CortexM3\ARM_GCC_541\Debug\HelloWorldSerial2021.a(USBUART_cls.o)
                                0x2bc (size before relaxing)
 .debug_str     0x00002406      0x104 .\CortexM3\ARM_GCC_541\Debug\HelloWorldSerial2021.a(USBUART_descr.o)
                                0x369 (size before relaxing)

.debug_loc      0x00000000     0x2f5a
 *(.debug_loc)
 .debug_loc     0x00000000       0x4f .\CortexM3\ARM_GCC_541\Debug\main.o
 .debug_loc     0x0000004f      0x1d7 .\CortexM3\ARM_GCC_541\Debug\cyfitter_cfg.o
 .debug_loc     0x00000226      0x144 .\CortexM3\ARM_GCC_541\Debug\Cm3Start.o
 .debug_loc     0x0000036a       0x42 .\CortexM3\ARM_GCC_541\Debug\HelloWorldSerial2021.a(BoardLed.o)
 .debug_loc     0x000003ac      0xa11 .\CortexM3\ARM_GCC_541\Debug\HelloWorldSerial2021.a(CyLib.o)
 .debug_loc     0x00000dbd      0x1e4 .\CortexM3\ARM_GCC_541\Debug\HelloWorldSerial2021.a(cyPm.o)
 .debug_loc     0x00000fa1      0x3e1 .\CortexM3\ARM_GCC_541\Debug\HelloWorldSerial2021.a(USBUART.o)
 .debug_loc     0x00001382      0x557 .\CortexM3\ARM_GCC_541\Debug\HelloWorldSerial2021.a(USBUART_cdc.o)
 .debug_loc     0x000018d9      0x171 .\CortexM3\ARM_GCC_541\Debug\HelloWorldSerial2021.a(USBUART_drv.o)
 .debug_loc     0x00001a4a       0x26 .\CortexM3\ARM_GCC_541\Debug\HelloWorldSerial2021.a(USBUART_pm.o)
 .debug_loc     0x00001a70      0x945 .\CortexM3\ARM_GCC_541\Debug\HelloWorldSerial2021.a(USBUART_std.o)
 .debug_loc     0x000023b5       0x84 .\CortexM3\ARM_GCC_541\Debug\HelloWorldSerial2021.a(USBUART_Dp.o)
 .debug_loc     0x00002439      0x3b2 .\CortexM3\ARM_GCC_541\Debug\HelloWorldSerial2021.a(CyFlash.o)
 .debug_loc     0x000027eb      0x705 .\CortexM3\ARM_GCC_541\Debug\HelloWorldSerial2021.a(CySpc.o)
 .debug_loc     0x00002ef0       0x6a .\CortexM3\ARM_GCC_541\Debug\HelloWorldSerial2021.a(USBUART_cls.o)

.debug_macinfo
 *(.debug_macinfo)

.debug_ranges   0x00000000      0x810
 *(.debug_ranges)
 .debug_ranges  0x00000000       0x10 .\CortexM3\ARM_GCC_541\Debug\main.o
 .debug_ranges  0x00000010       0x48 .\CortexM3\ARM_GCC_541\Debug\cyfitter_cfg.o
 .debug_ranges  0x00000058       0x38 .\CortexM3\ARM_GCC_541\Debug\Cm3Start.o
 .debug_ranges  0x00000090       0x28 .\CortexM3\ARM_GCC_541\Debug\HelloWorldSerial2021.a(BoardLed.o)
 .debug_ranges  0x000000b8      0x290 .\CortexM3\ARM_GCC_541\Debug\HelloWorldSerial2021.a(CyLib.o)
 .debug_ranges  0x00000348       0x88 .\CortexM3\ARM_GCC_541\Debug\HelloWorldSerial2021.a(cyPm.o)
 .debug_ranges  0x000003d0       0xd0 .\CortexM3\ARM_GCC_541\Debug\HelloWorldSerial2021.a(USBUART.o)
 .debug_ranges  0x000004a0       0xd8 .\CortexM3\ARM_GCC_541\Debug\HelloWorldSerial2021.a(USBUART_cdc.o)
 .debug_ranges  0x00000578       0x88 .\CortexM3\ARM_GCC_541\Debug\HelloWorldSerial2021.a(USBUART_drv.o)
 .debug_ranges  0x00000600       0x30 .\CortexM3\ARM_GCC_541\Debug\HelloWorldSerial2021.a(USBUART_episr.o)
 .debug_ranges  0x00000630       0x30 .\CortexM3\ARM_GCC_541\Debug\HelloWorldSerial2021.a(USBUART_pm.o)
 .debug_ranges  0x00000660       0x70 .\CortexM3\ARM_GCC_541\Debug\HelloWorldSerial2021.a(USBUART_std.o)
 .debug_ranges  0x000006d0       0x10 .\CortexM3\ARM_GCC_541\Debug\HelloWorldSerial2021.a(USBUART_vnd.o)
 .debug_ranges  0x000006e0       0x38 .\CortexM3\ARM_GCC_541\Debug\HelloWorldSerial2021.a(USBUART_Dp.o)
 .debug_ranges  0x00000718       0x78 .\CortexM3\ARM_GCC_541\Debug\HelloWorldSerial2021.a(CyFlash.o)
 .debug_ranges  0x00000790       0x70 .\CortexM3\ARM_GCC_541\Debug\HelloWorldSerial2021.a(CySpc.o)
 .debug_ranges  0x00000800       0x10 .\CortexM3\ARM_GCC_541\Debug\HelloWorldSerial2021.a(USBUART_cls.o)

.comment        0x00000000       0x6e
 .comment       0x00000000       0x6e .\CortexM3\ARM_GCC_541\Debug\main.o
                                 0x6f (size before relaxing)
 .comment       0x0000006e       0x6f .\CortexM3\ARM_GCC_541\Debug\cyfitter_cfg.o
 .comment       0x0000006e       0x6f .\CortexM3\ARM_GCC_541\Debug\cymetadata.o
 .comment       0x0000006e       0x6f .\CortexM3\ARM_GCC_541\Debug\Cm3Start.o
 .comment       0x0000006e       0x6f .\CortexM3\ARM_GCC_541\Debug\HelloWorldSerial2021.a(BoardLed.o)
 .comment       0x0000006e       0x6f .\CortexM3\ARM_GCC_541\Debug\HelloWorldSerial2021.a(CyLib.o)
 .comment       0x0000006e       0x6f .\CortexM3\ARM_GCC_541\Debug\HelloWorldSerial2021.a(cyPm.o)
 .comment       0x0000006e       0x6f .\CortexM3\ARM_GCC_541\Debug\HelloWorldSerial2021.a(USBUART.o)
 .comment       0x0000006e       0x6f .\CortexM3\ARM_GCC_541\Debug\HelloWorldSerial2021.a(USBUART_cdc.o)
 .comment       0x0000006e       0x6f .\CortexM3\ARM_GCC_541\Debug\HelloWorldSerial2021.a(USBUART_drv.o)
 .comment       0x0000006e       0x6f .\CortexM3\ARM_GCC_541\Debug\HelloWorldSerial2021.a(USBUART_episr.o)
 .comment       0x0000006e       0x6f .\CortexM3\ARM_GCC_541\Debug\HelloWorldSerial2021.a(USBUART_pm.o)
 .comment       0x0000006e       0x6f .\CortexM3\ARM_GCC_541\Debug\HelloWorldSerial2021.a(USBUART_std.o)
 .comment       0x0000006e       0x6f .\CortexM3\ARM_GCC_541\Debug\HelloWorldSerial2021.a(USBUART_vnd.o)
 .comment       0x0000006e       0x6f .\CortexM3\ARM_GCC_541\Debug\HelloWorldSerial2021.a(USBUART_Dp.o)
 .comment       0x0000006e       0x6f .\CortexM3\ARM_GCC_541\Debug\HelloWorldSerial2021.a(CyFlash.o)
 .comment       0x0000006e       0x6f .\CortexM3\ARM_GCC_541\Debug\HelloWorldSerial2021.a(CySpc.o)
 .comment       0x0000006e       0x6f .\CortexM3\ARM_GCC_541\Debug\HelloWorldSerial2021.a(USBUART_cls.o)
 .comment       0x0000006e       0x6f .\CortexM3\ARM_GCC_541\Debug\HelloWorldSerial2021.a(USBUART_descr.o)

.debug_weaknames
 *(.debug_weaknames)

.debug_funcnames
 *(.debug_funcnames)

.debug_typenames
 *(.debug_typenames)

.debug_varnames
 *(.debug_varnames)

.note.gnu.arm.ident
 *(.note.gnu.arm.ident)

.ARM.attributes
                0x00000000       0x29
 *(.ARM.attributes)
 .ARM.attributes
                0x00000000       0x1d d:/cypress/psoc creator/4.4/psoc creator/import/gnu/arm/5.4.1/bin/../lib/gcc/arm-none-eabi/5.4.1/armv7-m/crti.o
 .ARM.attributes
                0x0000001d       0x2d d:/cypress/psoc creator/4.4/psoc creator/import/gnu/arm/5.4.1/bin/../lib/gcc/arm-none-eabi/5.4.1/armv7-m/crtbegin.o
 .ARM.attributes
                0x0000004a       0x1b d:/cypress/psoc creator/4.4/psoc creator/import/gnu/arm/5.4.1/bin/../lib/gcc/arm-none-eabi/5.4.1/../../../../arm-none-eabi/lib/armv7-m/crt0.o
 .ARM.attributes
                0x00000065       0x33 .\CortexM3\ARM_GCC_541\Debug\main.o
 .ARM.attributes
                0x00000098       0x33 .\CortexM3\ARM_GCC_541\Debug\cyfitter_cfg.o
 .ARM.attributes
                0x000000cb       0x33 .\CortexM3\ARM_GCC_541\Debug\cymetadata.o
 .ARM.attributes
                0x000000fe       0x33 .\CortexM3\ARM_GCC_541\Debug\Cm3Start.o
 .ARM.attributes
                0x00000131       0x33 .\CortexM3\ARM_GCC_541\Debug\HelloWorldSerial2021.a(BoardLed.o)
 .ARM.attributes
                0x00000164       0x33 .\CortexM3\ARM_GCC_541\Debug\HelloWorldSerial2021.a(CyLib.o)
 .ARM.attributes
                0x00000197       0x33 .\CortexM3\ARM_GCC_541\Debug\HelloWorldSerial2021.a(cyPm.o)
 .ARM.attributes
                0x000001ca       0x33 .\CortexM3\ARM_GCC_541\Debug\HelloWorldSerial2021.a(USBUART.o)
 .ARM.attributes
                0x000001fd       0x33 .\CortexM3\ARM_GCC_541\Debug\HelloWorldSerial2021.a(USBUART_cdc.o)
 .ARM.attributes
                0x00000230       0x33 .\CortexM3\ARM_GCC_541\Debug\HelloWorldSerial2021.a(USBUART_drv.o)
 .ARM.attributes
                0x00000263       0x33 .\CortexM3\ARM_GCC_541\Debug\HelloWorldSerial2021.a(USBUART_episr.o)
 .ARM.attributes
                0x00000296       0x33 .\CortexM3\ARM_GCC_541\Debug\HelloWorldSerial2021.a(USBUART_pm.o)
 .ARM.attributes
                0x000002c9       0x33 .\CortexM3\ARM_GCC_541\Debug\HelloWorldSerial2021.a(USBUART_std.o)
 .ARM.attributes
                0x000002fc       0x33 .\CortexM3\ARM_GCC_541\Debug\HelloWorldSerial2021.a(USBUART_vnd.o)
 .ARM.attributes
                0x0000032f       0x33 .\CortexM3\ARM_GCC_541\Debug\HelloWorldSerial2021.a(USBUART_Dp.o)
 .ARM.attributes
                0x00000362       0x21 .\CortexM3\ARM_GCC_541\Debug\HelloWorldSerial2021.a(CyBootAsmGnu.o)
 .ARM.attributes
                0x00000383       0x33 .\CortexM3\ARM_GCC_541\Debug\HelloWorldSerial2021.a(CyFlash.o)
 .ARM.attributes
                0x000003b6       0x33 .\CortexM3\ARM_GCC_541\Debug\HelloWorldSerial2021.a(CySpc.o)
 .ARM.attributes
                0x000003e9       0x33 .\CortexM3\ARM_GCC_541\Debug\HelloWorldSerial2021.a(USBUART_cls.o)
 .ARM.attributes
                0x0000041c       0x33 .\CortexM3\ARM_GCC_541\Debug\HelloWorldSerial2021.a(USBUART_descr.o)
 .ARM.attributes
                0x0000044f       0x2d d:/cypress/psoc creator/4.4/psoc creator/import/gnu/arm/5.4.1/bin/../lib/gcc/arm-none-eabi/5.4.1/../../../../arm-none-eabi/lib/armv7-m\libg_nano.a(lib_a-errno.o)
 .ARM.attributes
                0x0000047c       0x2d d:/cypress/psoc creator/4.4/psoc creator/import/gnu/arm/5.4.1/bin/../lib/gcc/arm-none-eabi/5.4.1/../../../../arm-none-eabi/lib/armv7-m\libg_nano.a(lib_a-exit.o)
 .ARM.attributes
                0x000004a9       0x2d d:/cypress/psoc creator/4.4/psoc creator/import/gnu/arm/5.4.1/bin/../lib/gcc/arm-none-eabi/5.4.1/../../../../arm-none-eabi/lib/armv7-m\libg_nano.a(lib_a-impure.o)
 .ARM.attributes
                0x000004d6       0x2d d:/cypress/psoc creator/4.4/psoc creator/import/gnu/arm/5.4.1/bin/../lib/gcc/arm-none-eabi/5.4.1/../../../../arm-none-eabi/lib/armv7-m\libg_nano.a(lib_a-init.o)
 .ARM.attributes
                0x00000503       0x2d d:/cypress/psoc creator/4.4/psoc creator/import/gnu/arm/5.4.1/bin/../lib/gcc/arm-none-eabi/5.4.1/../../../../arm-none-eabi/lib/armv7-m\libg_nano.a(lib_a-memcpy-stub.o)
 .ARM.attributes
                0x00000530       0x2d d:/cypress/psoc creator/4.4/psoc creator/import/gnu/arm/5.4.1/bin/../lib/gcc/arm-none-eabi/5.4.1/../../../../arm-none-eabi/lib/armv7-m\libg_nano.a(lib_a-memset.o)
 .ARM.attributes
                0x0000055d       0x2d d:/cypress/psoc creator/4.4/psoc creator/import/gnu/arm/5.4.1/bin/../lib/gcc/arm-none-eabi/5.4.1/../../../../arm-none-eabi/lib/armv7-m\libg_nano.a(lib_a-nano-vfprintf_float.o)
 .ARM.attributes
                0x0000058a       0x2d d:/cypress/psoc creator/4.4/psoc creator/import/gnu/arm/5.4.1/bin/../lib/gcc/arm-none-eabi/5.4.1/../../../../arm-none-eabi/lib/armv7-m\libg_nano.a(lib_a-nano-vfprintf_i.o)
 .ARM.attributes
                0x000005b7       0x2d d:/cypress/psoc creator/4.4/psoc creator/import/gnu/arm/5.4.1/bin/../lib/gcc/arm-none-eabi/5.4.1/../../../../arm-none-eabi/lib/armv7-m\libg_nano.a(lib_a-sprintf.o)
 .ARM.attributes
                0x000005e4       0x17 d:/cypress/psoc creator/4.4/psoc creator/import/gnu/arm/5.4.1/bin/../lib/gcc/arm-none-eabi/5.4.1/../../../../arm-none-eabi/lib/armv7-m\libg_nano.a(lib_a-strlen.o)
 .ARM.attributes
                0x000005fb       0x2d d:/cypress/psoc creator/4.4/psoc creator/import/gnu/arm/5.4.1/bin/../lib/gcc/arm-none-eabi/5.4.1/../../../../arm-none-eabi/lib/armv7-m\libg_nano.a(lib_a-dtoa.o)
 .ARM.attributes
                0x00000628       0x2d d:/cypress/psoc creator/4.4/psoc creator/import/gnu/arm/5.4.1/bin/../lib/gcc/arm-none-eabi/5.4.1/../../../../arm-none-eabi/lib/armv7-m\libg_nano.a(lib_a-locale.o)
 .ARM.attributes
                0x00000655       0x2d d:/cypress/psoc creator/4.4/psoc creator/import/gnu/arm/5.4.1/bin/../lib/gcc/arm-none-eabi/5.4.1/../../../../arm-none-eabi/lib/armv7-m\libg_nano.a(lib_a-malloc.o)
 .ARM.attributes
                0x00000682       0x2d d:/cypress/psoc creator/4.4/psoc creator/import/gnu/arm/5.4.1/bin/../lib/gcc/arm-none-eabi/5.4.1/../../../../arm-none-eabi/lib/armv7-m\libg_nano.a(lib_a-memchr-stub.o)
 .ARM.attributes
                0x000006af       0x2d d:/cypress/psoc creator/4.4/psoc creator/import/gnu/arm/5.4.1/bin/../lib/gcc/arm-none-eabi/5.4.1/../../../../arm-none-eabi/lib/armv7-m\libg_nano.a(lib_a-mprec.o)
 .ARM.attributes
                0x000006dc       0x2d d:/cypress/psoc creator/4.4/psoc creator/import/gnu/arm/5.4.1/bin/../lib/gcc/arm-none-eabi/5.4.1/../../../../arm-none-eabi/lib/armv7-m\libg_nano.a(lib_a-nano-callocr.o)
 .ARM.attributes
                0x00000709       0x2d d:/cypress/psoc creator/4.4/psoc creator/import/gnu/arm/5.4.1/bin/../lib/gcc/arm-none-eabi/5.4.1/../../../../arm-none-eabi/lib/armv7-m\libg_nano.a(lib_a-nano-freer.o)
 .ARM.attributes
                0x00000736       0x2d d:/cypress/psoc creator/4.4/psoc creator/import/gnu/arm/5.4.1/bin/../lib/gcc/arm-none-eabi/5.4.1/../../../../arm-none-eabi/lib/armv7-m\libg_nano.a(lib_a-nano-mallocr.o)
 .ARM.attributes
                0x00000763       0x2d d:/cypress/psoc creator/4.4/psoc creator/import/gnu/arm/5.4.1/bin/../lib/gcc/arm-none-eabi/5.4.1/../../../../arm-none-eabi/lib/armv7-m\libg_nano.a(lib_a-nano-svfprintf.o)
 .ARM.attributes
                0x00000790       0x2d d:/cypress/psoc creator/4.4/psoc creator/import/gnu/arm/5.4.1/bin/../lib/gcc/arm-none-eabi/5.4.1/../../../../arm-none-eabi/lib/armv7-m\libg_nano.a(lib_a-sbrkr.o)
 .ARM.attributes
                0x000007bd       0x1b d:/cypress/psoc creator/4.4/psoc creator/import/gnu/arm/5.4.1/bin/../lib/gcc/arm-none-eabi/5.4.1/../../../../arm-none-eabi/lib/armv7-m\libg_nano.a(lib_a-strcmp.o)
 .ARM.attributes
                0x000007d8       0x2d d:/cypress/psoc creator/4.4/psoc creator/import/gnu/arm/5.4.1/bin/../lib/gcc/arm-none-eabi/5.4.1/../../../../arm-none-eabi/lib/armv7-m\libg_nano.a(lib_a-memmove.o)
 .ARM.attributes
                0x00000805       0x2d d:/cypress/psoc creator/4.4/psoc creator/import/gnu/arm/5.4.1/bin/../lib/gcc/arm-none-eabi/5.4.1/../../../../arm-none-eabi/lib/armv7-m\libg_nano.a(lib_a-mlock.o)
 .ARM.attributes
                0x00000832       0x2d d:/cypress/psoc creator/4.4/psoc creator/import/gnu/arm/5.4.1/bin/../lib/gcc/arm-none-eabi/5.4.1/../../../../arm-none-eabi/lib/armv7-m\libg_nano.a(lib_a-nano-reallocr.o)
 .ARM.attributes
                0x0000085f       0x2d d:/cypress/psoc creator/4.4/psoc creator/import/gnu/arm/5.4.1/bin/../lib/gcc/arm-none-eabi/5.4.1/../../../../arm-none-eabi/lib/armv7-m\libg_nano.a(lib_a-reent.o)
 .ARM.attributes
                0x0000088c       0x2d d:/cypress/psoc creator/4.4/psoc creator/import/gnu/arm/5.4.1/bin/../lib/gcc/arm-none-eabi/5.4.1/../../../../arm-none-eabi/lib/armv7-m\libg_nano.a(lib_a-nano-msizer.o)
 .ARM.attributes
                0x000008b9       0x1d d:/cypress/psoc creator/4.4/psoc creator/import/gnu/arm/5.4.1/bin/../lib/gcc/arm-none-eabi/5.4.1/armv7-m\libgcc.a(_arm_addsubdf3.o)
 .ARM.attributes
                0x000008d6       0x1d d:/cypress/psoc creator/4.4/psoc creator/import/gnu/arm/5.4.1/bin/../lib/gcc/arm-none-eabi/5.4.1/armv7-m\libgcc.a(_arm_muldivdf3.o)
 .ARM.attributes
                0x000008f3       0x1d d:/cypress/psoc creator/4.4/psoc creator/import/gnu/arm/5.4.1/bin/../lib/gcc/arm-none-eabi/5.4.1/armv7-m\libgcc.a(_arm_cmpdf2.o)
 .ARM.attributes
                0x00000910       0x1d d:/cypress/psoc creator/4.4/psoc creator/import/gnu/arm/5.4.1/bin/../lib/gcc/arm-none-eabi/5.4.1/armv7-m\libgcc.a(_arm_unorddf2.o)
 .ARM.attributes
                0x0000092d       0x1d d:/cypress/psoc creator/4.4/psoc creator/import/gnu/arm/5.4.1/bin/../lib/gcc/arm-none-eabi/5.4.1/armv7-m\libgcc.a(_arm_fixdfsi.o)
 .ARM.attributes
                0x0000094a       0x2d d:/cypress/psoc creator/4.4/psoc creator/import/gnu/arm/5.4.1/bin/../lib/gcc/arm-none-eabi/5.4.1/armv7-m/crtend.o
 .ARM.attributes
                0x00000977       0x1d d:/cypress/psoc creator/4.4/psoc creator/import/gnu/arm/5.4.1/bin/../lib/gcc/arm-none-eabi/5.4.1/armv7-m/crtn.o

/DISCARD/
 *(.note.GNU-stack)
OUTPUT(C:\Users\gusta\Documents\PSoC Creator\HelloWorldSerial\HelloWorldSerial2021.cydsn\CortexM3\ARM_GCC_541\Debug\HelloWorldSerial2021.elf elf32-littlearm)
